[11:10:31] params {"schema_version": 2, "N": 250, "k": 12, "G": 4, "dOmega": 2.0, "sigma_omega": 0.05, "mu": 1.0, "J0": 0.3, "eta_theta": 0.05, "eta_J": 0.005, "eta_omega": 0.005, "D": 0.005, "dt": 0.05, "T1": 400.0, "T2": 200.0, "rec_every": 2.0, "thr_frac": 0.5, "min_size": 5, "delta_max": 3.141592653589793, "remove_frac": 0.2, "freq_step": 0.5, "models": ["gauge", "standard", "quenched"], "seeds": [0, 1], "theta_rule": "normalised", "flat_tolerance": 0.01, "code_sha256": "47092474483a132ff85f66cf3bdc96dabd810b42c6cb8870417bc7d0d830d256"}
[11:10:35]   seed 0 gauge     phase A done (4 s)
[11:10:38]   seed 0 standard  phase A done (7 s)
[11:10:41]   seed 0 quenched  phase A done (10 s)
[11:10:41]   seed 0 gauge    : clusters=15 composite=0.69 purity=0.976878612716763 ARI=0.368 Rraw=0.282 Rcov*coverage=0.961 cycle_q95=0.004453441456613394 cycle_max=0.09127122296737289
[11:10:41]   seed 0 standard : clusters=10 composite=0.24 purity=1.0 ARI=0.349 Rraw=0.350 Rcov*coverage=0.840 cycle_q95=1.64157354344075 cycle_max=1.7649216215164258
[11:10:41]   seed 0 quenched : clusters=7 composite=0.17 purity=1.0 ARI=0.455 Rraw=0.448 Rcov*coverage=0.845 cycle_q95=1.6081133110088668 cycle_max=1.9005245050298267
[11:10:50]   seed 0 gauge     tests: shock R_raw 0.282->0.434 (cov 0.982) rec=0.0; removal R 0.340; relock=12.0
[11:10:56]   seed 0 standard  tests: shock R_raw 0.350->0.328 (cov 0.605) rec=196.0; removal R 0.339; relock=24.0
[11:11:02]   seed 0 quenched  tests: shock R_raw 0.448->0.383 (cov 0.553) rec=60.0; removal R 0.501; relock=14.0
[11:11:02] seed 0 done, elapsed 31 s, ETA 31 s
[11:11:06]   seed 1 gauge     phase A done (3 s)
[11:11:09]   seed 1 standard  phase A done (7 s)
[11:11:12]   seed 1 quenched  phase A done (9 s)
[11:11:12]   seed 1 gauge    : clusters=15 composite=0.69 purity=0.9421965317919075 ARI=0.379 Rraw=0.276 Rcov*coverage=0.903 cycle_q95=0.008060338242092336 cycle_max=0.05190634579449238
[11:11:12]   seed 1 standard : clusters=5 composite=0.14 purity=1.0 ARI=0.877 Rraw=0.215 Rcov*coverage=0.727 cycle_q95=1.5343755772441083 cycle_max=2.615785164154861
[11:11:12]   seed 1 quenched : clusters=3 composite=0.06 purity=1.0 ARI=1.000 Rraw=0.332 Rcov*coverage=0.804 cycle_q95=1.4196204940761936 cycle_max=1.4249870976703596
[11:11:19]   seed 1 gauge     tests: shock R_raw 0.276->0.273 (cov 0.933) rec=138.0; removal R 0.333; relock=18.0
[11:11:24]   seed 1 standard  tests: shock R_raw 0.215->0.329 (cov 0.524) rec=4.0; removal R 0.319; relock=12.0
[11:11:28]   seed 1 quenched  tests: shock R_raw 0.332->0.494 (cov 0.462) rec=150.0; removal R 0.268; relock=12.0
[11:11:28] seed 1 done, elapsed 57 s, ETA 0 s
[11:11:29] AGGREGATE (mean, sd over seeds):
[11:11:29]   gauge     n_clusters                                    15.0 +- 0.0 (n=2, none=0)
[11:11:29]   gauge     frac_composite                                0.692 +- 0.0 (n=2, none=0)
[11:11:29]   gauge     ARI_vs_groups                                 0.3735539423947081 +- 0.00802856138889468 (n=2, none=0)
[11:11:29]   gauge     R_raw_mean                                    0.27928910500260506 +- 0.0040719924566912915 (n=2, none=0)
[11:11:29]   gauge     R_cov_mean                                    0.9319697496254093 +- 0.04156558100866966 (n=2, none=0)
[11:11:29]   gauge     R_cov_lcc_mean                                0.9319697496254093 +- 0.04156558100866966 (n=2, none=0)
[11:11:29]   gauge     largest_component_fraction_mean               1.0 +- 0.0 (n=2, none=0)
[11:11:29]   gauge     n_components_mean                             1.0 +- 0.0 (n=2, none=0)
[11:11:29]   gauge     J_within_groups_over_J0                       0.7916305370587668 +- 0.004177080452793319 (n=2, none=0)
[11:11:29]   gauge     J_between_groups_over_J0                      0.17068296636305874 +- 0.00826675786479821 (n=2, none=0)
[11:11:29]   gauge     holonomy_abs_mean_within                      0.0886844929525907 +- 0.04685006519039339 (n=2, none=0)
[11:11:29]   gauge     holonomy_abs_mean_between                     1.5192167734883997 +- 0.013976724365405403 (n=2, none=0)
[11:11:29]   gauge     holonomy_abs_median_within                    0.0004883296632991474 +- 0.00040002179416039123 (n=2, none=0)
[11:11:29]   gauge     holonomy_abs_median_between                   1.488719479317975 +- 0.0006607042563690195 (n=2, none=0)
[11:11:29]   gauge     reversibility_defect_abs_mean                 0.5906161747480044 +- 0.07473600278675865 (n=2, none=0)
[11:11:29]   gauge     reversibility_defect_abs_mean_within          0.0027804710560675678 +- 0.001059508650789647 (n=2, none=0)
[11:11:29]   gauge     reversibility_defect_abs_mean_between         0.804126756659514 +- 0.1021095543126239 (n=2, none=0)
[11:11:29]   gauge     cycle_residual_abs_mean                       0.0011105819211410242 +- 0.00034419879325859145 (n=2, none=0)
[11:11:29]   gauge     cycle_residual_abs_median                     7.612980246207712e-10 +- 4.699818990184032e-10 (n=2, none=0)
[11:11:29]   gauge     cycle_residual_abs_q95                        0.006256889849352865 +- 0.0025504611760521203 (n=2, none=0)
[11:11:29]   gauge     cycle_residual_abs_max                        0.07158878438093264 +- 0.02783517158951934 (n=2, none=0)
[11:11:29]   gauge     cycle_constraints_below_tolerance             0.9713321405335068 +- 0.016159483207012014 (n=2, none=0)
[11:11:29]   gauge     candidate_units_certified_flat                0.569364161849711 +- 0.12670699547273395 (n=2, none=0)
[11:11:29]   gauge     omega_within_groups_sd_final                  0.17598404702313478 +- 0.03353583780995992 (n=2, none=0)
[11:11:29]   gauge     omega_within_clusters_sd_final                0.09564282696439934 +- 0.027829266856536996 (n=2, none=0)
[11:11:29]   gauge     omega_cluster_means_sd_within_groups_final    0.22160091346014882 +- 0.13337482692313055 (n=2, none=0)
[11:11:29]   gauge     transporter_drift_rate_within                 0.01616950480213099 +- 0.004087790165827238 (n=2, none=0)
[11:11:29]   gauge     cluster_purity                                0.9595375722543353 +- 0.024523934607625912 (n=2, none=0)
[11:11:29]   gauge     clusters_per_group_mean                       3.75 +- 0.0 (n=2, none=0)
[11:11:29]   gauge     delay_shock/R_raw_after                       0.3537172259274995 +- 0.11356587028503608 (n=2, none=0)
[11:11:29]   gauge     delay_shock/R_cov_after                       0.9571999674600955 +- 0.03474505454168963 (n=2, none=0)
[11:11:29]   gauge     delay_shock/R_raw_min_during                  0.24820318264857916 +- 0.05136460341318346 (n=2, none=0)
[11:11:29]   gauge     delay_shock/recovery_time_raw_0.9             69.0 +- 97.58073580374356 (n=2, none=0)
[11:11:29]   gauge     delay_shock/J_within_groups_after_over_J0     0.8621060522322166 +- 0.02018497375267531 (n=2, none=0)
[11:11:29]   gauge     delay_shock/ARI_after_vs_before               0.9807575076932893 +- 0.02721299359401023 (n=2, none=0)
[11:11:29]   gauge     delay_shock/frac_clusters_collapsed           0.8 +- 0.28284271247461906 (n=2, none=0)
[11:11:29]   gauge     delay_shock/R_cov_min_during                  0.32051562071219 +- 0.04951383824296009 (n=2, none=0)
[11:11:29]   gauge     delay_shock/recovery_time_cov_0.9             28.0 +- 2.8284271247461903 (n=2, none=0)
[11:11:29]   gauge     delay_shock/frac_clusters_collapsed_cov       0.0 +- 0.0 (n=2, none=0)
[11:11:29]   gauge     delay_shock/ARI_after_vs_groups               0.38974682718781073 +- 0.03092875867724547 (n=2, none=0)
[11:11:29]   gauge     delay_shock/purity_after                      0.970792247534852 +- 0.008607420185813803 (n=2, none=0)
[11:11:29]   gauge     delay_shock/largest_component_fraction_after  0.9943406904357668 +- 0.008003472339406308 (n=2, none=0)
[11:11:29]   gauge     delay_shock/R_cov_lcc_after                   0.9613997417614726 +- 0.028805676765776247 (n=2, none=0)
[11:11:29]   gauge     delay_shock/exact_compensator_max_deviation   3.630780906091336e-15 +- 8.401821746167149e-18 (n=2, none=0)
[11:11:29]   gauge     delay_shock/frozen_R_cov_after                0.40382057956134887 +- 0.01178640475856647 (n=2, none=0)
[11:11:29]   gauge     delay_shock/frozen_ARI_after_vs_before        0.12625181625282098 +- 0.028819610454612787 (n=2, none=0)
[11:11:29]   gauge     removal/R_raw_after_survivors                 0.336212115847221 +- 0.005187741196198043 (n=2, none=0)
[11:11:29]   gauge     removal/R_cov_after_survivors                 0.8411249518312558 +- 0.0013022189722917401 (n=2, none=0)
[11:11:29]   gauge     removal/frac_clusters_collapsed               0.8 +- 0.0 (n=2, none=0)
[11:11:29]   gauge     removal/frac_clusters_collapsed_cov           0.1 +- 0.04714045207910317 (n=2, none=0)
[11:11:29]   gauge     removal/largest_component_fraction_after      0.8623068688754963 +- 0.016890761564426714 (n=2, none=0)
[11:11:29]   gauge     frequency_step/R_raw_min_during               0.12585299151266485 +- 0.02663825950325177 (n=2, none=0)
[11:11:29]   gauge     frequency_step/R_raw_end_over_before          1.285544117492543 +- 0.8293917324264705 (n=2, none=0)
[11:11:29]   gauge     frequency_step/relock_time_raw_0.9            15.0 +- 4.242640687119285 (n=2, none=0)
[11:11:29]   gauge     frequency_step/omega_shifted_final_minus_group_mean 0.26934086693994796 +- 0.04455892029678295 (n=2, none=0)
[11:11:29]   standard  n_clusters                                    7.5 +- 3.5355339059327378 (n=2, none=0)
[11:11:29]   standard  frac_composite                                0.19 +- 0.07071067811865474 (n=2, none=0)
[11:11:29]   standard  ARI_vs_groups                                 0.6128532131294991 +- 0.3734765619413835 (n=2, none=0)
[11:11:29]   standard  R_raw_mean                                    0.28253503698008076 +- 0.09496785958481659 (n=2, none=0)
[11:11:29]   standard  R_cov_mean                                    0.783782243033192 +- 0.08009455409385545 (n=2, none=0)
[11:11:29]   standard  R_cov_lcc_mean                                0.783782243033192 +- 0.08009455409385545 (n=2, none=0)
[11:11:29]   standard  largest_component_fraction_mean               1.0 +- 0.0 (n=2, none=0)
[11:11:29]   standard  n_components_mean                             1.0 +- 0.0 (n=2, none=0)
[11:11:29]   standard  J_within_groups_over_J0                       0.4167431889022678 +- 0.02217950716326401 (n=2, none=0)
[11:11:29]   standard  J_between_groups_over_J0                      0.14079161131066592 +- 3.645568634010175e-05 (n=2, none=0)
[11:11:29]   standard  holonomy_abs_mean_within                      1.5810391657523448 +- 0.062069635563790804 (n=2, none=0)
[11:11:29]   standard  holonomy_abs_mean_between                     1.575019139874607 +- 0.017670801180981088 (n=2, none=0)
[11:11:29]   standard  holonomy_abs_median_within                    1.6859291433382377 +- 0.024794687578612196 (n=2, none=0)
[11:11:29]   standard  holonomy_abs_median_between                   1.5570263448104076 +- 0.06816941801485331 (n=2, none=0)
[11:11:29]   standard  reversibility_defect_abs_mean                 1.5928730570643639 +- 0.03038321093469366 (n=2, none=0)
[11:11:29]   standard  reversibility_defect_abs_mean_within          1.1983218433739014 +- 0.2746329791618124 (n=2, none=0)
[11:11:29]   standard  reversibility_defect_abs_mean_between         1.6435881693612189 +- 0.37144265920001907 (n=2, none=0)
[11:11:29]   standard  cycle_residual_abs_mean                       0.6727303487782376 +- 0.07116824277125502 (n=2, none=0)
[11:11:29]   standard  cycle_residual_abs_median                     0.6096603768122929 +- 0.07256174020956978 (n=2, none=0)
[11:11:29]   standard  cycle_residual_abs_q95                        1.5879745603424291 +- 0.07580040882705155 (n=2, none=0)
[11:11:29]   standard  cycle_residual_abs_max                        2.1903533928356436 +- 0.6016513808640467 (n=2, none=0)
[11:11:29]   standard  cycle_constraints_below_tolerance             0.017241379310344827 +- 0.024382992454708534 (n=2, none=0)
[11:11:29]   standard  candidate_units_certified_flat                0.0 +- 0.0 (n=2, none=0)
[11:11:29]   standard  omega_within_groups_sd_final                  0.09745496037616044 +- 0.004934762846524309 (n=2, none=0)
[11:11:29]   standard  omega_within_clusters_sd_final                0.030528977034344644 +- 0.0021579421775661254 (n=2, none=0)
[11:11:29]   standard  omega_cluster_means_sd_within_groups_final    0.051054319974693944 +- 0.028417250783945837 (n=2, none=0)
[11:11:29]   standard  transporter_drift_rate_within                 0.0 +- 0.0 (n=2, none=0)
[11:11:29]   standard  cluster_purity                                1.0 +- 0.0 (n=2, none=0)
[11:11:29]   standard  clusters_per_group_mean                       1.875 +- 0.8838834764831844 (n=2, none=0)
[11:11:29]   standard  delay_shock/R_raw_after                       0.3286182222152363 +- 0.00045939701364417065 (n=2, none=0)
[11:11:29]   standard  delay_shock/R_cov_after                       0.5640585160980144 +- 0.05720047281034472 (n=2, none=0)
[11:11:29]   standard  delay_shock/R_raw_min_during                  0.24822520593149522 +- 0.08737239962635192 (n=2, none=0)
[11:11:29]   standard  delay_shock/recovery_time_raw_0.9             100.0 +- 135.7645019878171 (n=2, none=0)
[11:11:29]   standard  delay_shock/J_within_groups_after_over_J0     0.40924675760843066 +- 0.012406915179309842 (n=2, none=0)
[11:11:29]   standard  delay_shock/ARI_after_vs_before               0.3378330389944568 +- 0.1226373867679911 (n=2, none=0)
[11:11:29]   standard  delay_shock/frac_clusters_collapsed           0.8500000000000001 +- 0.07071067811865474 (n=2, none=0)
[11:11:29]   standard  delay_shock/R_cov_min_during                  0.32421258042547557 +- 0.047982629298890314 (n=2, none=0)
[11:11:29]   standard  delay_shock/recovery_time_cov_0.9             None +- 0.0 (n=0, none=2)
[11:11:29]   standard  delay_shock/frac_clusters_collapsed_cov       0.30000000000000004 +- 0.14142135623730953 (n=2, none=0)
[11:11:29]   standard  delay_shock/ARI_after_vs_groups               0.49929649169198154 +- 0.0617608283649599 (n=2, none=0)
[11:11:29]   standard  delay_shock/purity_after                      1.0 +- 0.0 (n=2, none=0)
[11:11:29]   standard  delay_shock/largest_component_fraction_after  0.6675649350649351 +- 0.02869751547023328 (n=2, none=0)
[11:11:29]   standard  delay_shock/R_cov_lcc_after                   0.854014598719535 +- 0.01811767448742944 (n=2, none=0)
[11:11:29]   standard  delay_shock/exact_compensator_max_deviation   5.551115123125783e-16 +- 0.0 (n=2, none=0)
[11:11:29]   standard  delay_shock/frozen_R_cov_after                None +- 0.0 (n=0, none=2)
[11:11:29]   standard  delay_shock/frozen_ARI_after_vs_before        None +- 0.0 (n=0, none=2)
[11:11:29]   standard  removal/R_raw_after_survivors                 0.328779812185519 +- 0.014153880777747287 (n=2, none=0)
[11:11:29]   standard  removal/R_cov_after_survivors                 0.7934124565337867 +- 0.03969940857613694 (n=2, none=0)
[11:11:29]   standard  removal/frac_clusters_collapsed               0.8 +- 0.0 (n=2, none=0)
[11:11:29]   standard  removal/frac_clusters_collapsed_cov           0.15000000000000002 +- 0.07071067811865477 (n=2, none=0)
[11:11:29]   standard  removal/largest_component_fraction_after      0.9247222222222222 +- 0.019249017932300407 (n=2, none=0)
[11:11:29]   standard  frequency_step/R_raw_min_during               0.08268838068553218 +- 0.06141193796996603 (n=2, none=0)
[11:11:29]   standard  frequency_step/R_raw_end_over_before          1.5319483960968365 +- 0.8741596034875031 (n=2, none=0)
[11:11:29]   standard  frequency_step/relock_time_raw_0.9            18.0 +- 8.48528137423857 (n=2, none=0)
[11:11:29]   standard  frequency_step/omega_shifted_final_minus_group_mean 0.33585855545693755 +- 0.020642199002695875 (n=2, none=0)
[11:11:29]   quenched  n_clusters                                    5.0 +- 2.8284271247461903 (n=2, none=0)
[11:11:29]   quenched  frac_composite                                0.114 +- 0.07636753236814714 (n=2, none=0)
[11:11:29]   quenched  ARI_vs_groups                                 0.7274900137515552 +- 0.38538731843465623 (n=2, none=0)
[11:11:29]   quenched  R_raw_mean                                    0.3900613220897996 +- 0.081960305651554 (n=2, none=0)
[11:11:29]   quenched  R_cov_mean                                    0.8243132513085869 +- 0.028789815828489263 (n=2, none=0)
[11:11:29]   quenched  R_cov_lcc_mean                                0.8243132513085869 +- 0.028789815828489263 (n=2, none=0)
[11:11:29]   quenched  largest_component_fraction_mean               1.0 +- 0.0 (n=2, none=0)
[11:11:29]   quenched  n_components_mean                             1.0 +- 0.0 (n=2, none=0)
[11:11:29]   quenched  J_within_groups_over_J0                       0.4055133341660643 +- 0.0056973061886971075 (n=2, none=0)
[11:11:29]   quenched  J_between_groups_over_J0                      0.14072109046475328 +- 0.0008851743975632955 (n=2, none=0)
[11:11:29]   quenched  holonomy_abs_mean_within                      1.4205319845692643 +- 0.0007230302907636467 (n=2, none=0)
[11:11:29]   quenched  holonomy_abs_mean_between                     1.5645443137699022 +- 0.008868194790089991 (n=2, none=0)
[11:11:29]   quenched  holonomy_abs_median_within                    1.4605078984402036 +- 0.06945186595175078 (n=2, none=0)
[11:11:29]   quenched  holonomy_abs_median_between                   1.5724921864237116 +- 0.010293749886944367 (n=2, none=0)
[11:11:29]   quenched  reversibility_defect_abs_mean                 1.5397867736184385 +- 0.023521518104002444 (n=2, none=0)
[11:11:29]   quenched  reversibility_defect_abs_mean_within          1.1529197232100308 +- 0.1648993892249605 (n=2, none=0)
[11:11:29]   quenched  reversibility_defect_abs_mean_between         1.8634957104722563 +- 0.0 (n=1, none=1)
[11:11:29]   quenched  cycle_residual_abs_mean                       0.7863174089948897 +- 0.041315418019742985 (n=2, none=0)
[11:11:29]   quenched  cycle_residual_abs_median                     0.6878173179027675 +- 0.09486708907653348 (n=2, none=0)
[11:11:29]   quenched  cycle_residual_abs_q95                        1.5138669025425302 +- 0.13328454905804768 (n=2, none=0)
[11:11:29]   quenched  cycle_residual_abs_max                        1.6627558013500932 +- 0.33625572545174887 (n=2, none=0)
[11:11:29]   quenched  cycle_constraints_below_tolerance             0.0 +- 0.0 (n=2, none=0)
[11:11:29]   quenched  candidate_units_certified_flat                0.0 +- 0.0 (n=2, none=0)
[11:11:29]   quenched  omega_within_groups_sd_final                  0.10951337201641898 +- 0.0008255227914782491 (n=2, none=0)
[11:11:29]   quenched  omega_within_clusters_sd_final                0.026590447274571362 +- 0.004064359380097618 (n=2, none=0)
[11:11:29]   quenched  omega_cluster_means_sd_within_groups_final    0.04915281580490982 +- 0.0 (n=1, none=1)
[11:11:29]   quenched  transporter_drift_rate_within                 0.0 +- 0.0 (n=2, none=0)
[11:11:29]   quenched  cluster_purity                                1.0 +- 0.0 (n=2, none=0)
[11:11:29]   quenched  clusters_per_group_mean                       1.25 +- 0.7071067811865476 (n=2, none=0)
[11:11:29]   quenched  delay_shock/R_raw_after                       0.4387421587927267 +- 0.07872642724986037 (n=2, none=0)
[11:11:29]   quenched  delay_shock/R_cov_after                       0.5072981480498261 +- 0.06464932479828858 (n=2, none=0)
[11:11:29]   quenched  delay_shock/R_raw_min_during                  0.23864214918247578 +- 0.0724947887494832 (n=2, none=0)
[11:11:29]   quenched  delay_shock/recovery_time_raw_0.9             105.0 +- 63.63961030678928 (n=2, none=0)
[11:11:29]   quenched  delay_shock/J_within_groups_after_over_J0     0.4069464034857362 +- 7.700224953199506e-05 (n=2, none=0)
[11:11:29]   quenched  delay_shock/ARI_after_vs_before               0.0820445107236972 +- 0.052752685180894446 (n=2, none=0)
[11:11:29]   quenched  delay_shock/frac_clusters_collapsed           0.6904761904761905 +- 0.03367175148507373 (n=2, none=0)
[11:11:29]   quenched  delay_shock/R_cov_min_during                  0.3310782593432706 +- 0.04612120728568843 (n=2, none=0)
[11:11:29]   quenched  delay_shock/recovery_time_cov_0.9             None +- 0.0 (n=0, none=2)
[11:11:29]   quenched  delay_shock/frac_clusters_collapsed_cov       0.47619047619047616 +- 0.2693740118805895 (n=2, none=0)
[11:11:29]   quenched  delay_shock/ARI_after_vs_groups               0.8292682926829268 +- 0.2414510960149187 (n=2, none=0)
[11:11:29]   quenched  delay_shock/purity_after                      1.0 +- 0.0 (n=2, none=0)
[11:11:29]   quenched  delay_shock/largest_component_fraction_after  0.5982142857142857 +- 0.09175552279682579 (n=2, none=0)
[11:11:29]   quenched  delay_shock/R_cov_lcc_after                   0.8631000140769636 +- 0.03145043482742955 (n=2, none=0)
[11:11:29]   quenched  delay_shock/exact_compensator_max_deviation   1.4014146645444573e-15 +- 6.31255022214461e-16 (n=2, none=0)
[11:11:29]   quenched  delay_shock/frozen_R_cov_after                None +- 0.0 (n=0, none=2)
[11:11:29]   quenched  delay_shock/frozen_ARI_after_vs_before        None +- 0.0 (n=0, none=2)
[11:11:29]   quenched  removal/R_raw_after_survivors                 0.38428093850596445 +- 0.16458123163890992 (n=2, none=0)
[11:11:29]   quenched  removal/R_cov_after_survivors                 0.7747609349935436 +- 0.06650550223167442 (n=2, none=0)
[11:11:29]   quenched  removal/frac_clusters_collapsed               0.7857142857142857 +- 0.30304576336566325 (n=2, none=0)
[11:11:29]   quenched  removal/frac_clusters_collapsed_cov           0.07142857142857142 +- 0.10101525445522107 (n=2, none=0)
[11:11:29]   quenched  removal/largest_component_fraction_after      0.9523809523809523 +- 0.06734350297014738 (n=2, none=0)
[11:11:29]   quenched  frequency_step/R_raw_min_during               0.039267257020713736 +- 0.03540125340391982 (n=2, none=0)
[11:11:29]   quenched  frequency_step/R_raw_end_over_before          2.2263642800961683 +- 1.363959977188569 (n=2, none=0)
[11:11:29]   quenched  frequency_step/relock_time_raw_0.9            13.0 +- 1.4142135623730951 (n=2, none=0)
[11:11:29]   quenched  frequency_step/omega_shifted_final_minus_group_mean 0.4302166317922549 +- 0.05358303120666808 (n=2, none=0)
[11:11:29] CONTROLS: gauge-covariance + non-vacuity: PASS
[11:11:29] DONE
hed  frequency_step/R_raw_min_during               0.039267257020713736 +- 0.03540125340391982 (n=2, none=0)
[11:11:29]   quenched  frequency_step/R_raw_end_over_before          2.2263642800961683 +- 1.363959977188569 (n=2, none=0)
[11:11:29]   quenched  frequency_step/relock_time_raw_0.9            13.0 +- 1.4142135623730951 (n=2, none=0)
[11:11:29]   quenched  frequency_step/omega_shifted_final_minus_group_mean 0.4302166317922549 +- 0.05358303120666808 (n=2, none=0)
[11:11:29] CONTROLS: gauge-covariance + non-vacuity: PASS
[11:11:29] DONE
