[11:11:29] params {"schema_version": 2, "N": 250, "k": 12, "G": 4, "dOmega": 2.0, "sigma_omega": 0.05, "mu": 1.0, "J0": 0.3, "eta_theta": 0.05, "eta_J": 0.005, "eta_omega": 0.005, "D": 0.005, "dt": 0.05, "T1": 400.0, "T2": 200.0, "rec_every": 2.0, "thr_frac": 0.5, "min_size": 5, "delta_max": 3.141592653589793, "remove_frac": 0.2, "freq_step": 0.5, "models": ["gauge", "standard"], "seeds": [0], "theta_rule": "energy", "flat_tolerance": 0.01, "code_sha256": "47092474483a132ff85f66cf3bdc96dabd810b42c6cb8870417bc7d0d830d256"}
[11:11:32]   seed 0 gauge     phase A done (3 s)
[11:11:35]   seed 0 standard  phase A done (6 s)
[11:11:35]   seed 0 gauge    : clusters=16 composite=0.56 purity=1.0 ARI=0.343 Rraw=0.286 Rcov*coverage=0.963 cycle_q95=0.45060264392776805 cycle_max=1.2212962555993983
[11:11:35]   seed 0 standard : clusters=10 composite=0.24 purity=1.0 ARI=0.349 Rraw=0.350 Rcov*coverage=0.840 cycle_q95=1.64157354344075 cycle_max=1.7649216215164258
[11:11:43]   seed 0 gauge     tests: shock R_raw 0.286->0.318 (cov 0.906) rec=28.0; removal R 0.350; relock=18.0
[11:11:48]   seed 0 standard  tests: shock R_raw 0.350->0.328 (cov 0.605) rec=196.0; removal R 0.339; relock=24.0
[11:11:48] seed 0 done, elapsed 19 s, ETA 0 s
[11:11:48] AGGREGATE (mean, sd over seeds):
[11:11:48]   gauge     n_clusters                                    16.0 +- 0.0 (n=1, none=0)
[11:11:48]   gauge     frac_composite                                0.564 +- 0.0 (n=1, none=0)
[11:11:48]   gauge     ARI_vs_groups                                 0.34295655929387686 +- 0.0 (n=1, none=0)
[11:11:48]   gauge     R_raw_mean                                    0.2861523604147437 +- 0.0 (n=1, none=0)
[11:11:48]   gauge     R_cov_mean                                    0.963146302661702 +- 0.0 (n=1, none=0)
[11:11:48]   gauge     R_cov_lcc_mean                                0.963146302661702 +- 0.0 (n=1, none=0)
[11:11:48]   gauge     largest_component_fraction_mean               1.0 +- 0.0 (n=1, none=0)
[11:11:48]   gauge     n_components_mean                             1.0 +- 0.0 (n=1, none=0)
[11:11:48]   gauge     J_within_groups_over_J0                       0.6345901269985633 +- 0.0 (n=1, none=0)
[11:11:48]   gauge     J_between_groups_over_J0                      0.14494338351740613 +- 0.0 (n=1, none=0)
[11:11:48]   gauge     holonomy_abs_mean_within                      0.8009916241586987 +- 0.0 (n=1, none=0)
[11:11:48]   gauge     holonomy_abs_mean_between                     1.5890155759306972 +- 0.0 (n=1, none=0)
[11:11:48]   gauge     holonomy_abs_median_within                    0.1976648554392071 +- 0.0 (n=1, none=0)
[11:11:48]   gauge     holonomy_abs_median_between                   1.6058994962491142 +- 0.0 (n=1, none=0)
[11:11:48]   gauge     reversibility_defect_abs_mean                 1.1967376883933318 +- 0.0 (n=1, none=0)
[11:11:48]   gauge     reversibility_defect_abs_mean_within          0.5246930573995003 +- 0.0 (n=1, none=0)
[11:11:48]   gauge     reversibility_defect_abs_mean_between         1.4195991544794202 +- 0.0 (n=1, none=0)
[11:11:48]   gauge     cycle_residual_abs_mean                       0.11166493403646804 +- 0.0 (n=1, none=0)
[11:11:48]   gauge     cycle_residual_abs_median                     0.033111350560596 +- 0.0 (n=1, none=0)
[11:11:48]   gauge     cycle_residual_abs_q95                        0.45060264392776805 +- 0.0 (n=1, none=0)
[11:11:48]   gauge     cycle_residual_abs_max                        1.2212962555993983 +- 0.0 (n=1, none=0)
[11:11:48]   gauge     cycle_constraints_below_tolerance             0.32234432234432236 +- 0.0 (n=1, none=0)
[11:11:48]   gauge     candidate_units_certified_flat                0.0 +- 0.0 (n=1, none=0)
[11:11:48]   gauge     omega_within_groups_sd_final                  0.07610460787198879 +- 0.0 (n=1, none=0)
[11:11:48]   gauge     omega_within_clusters_sd_final                0.02349068062261394 +- 0.0 (n=1, none=0)
[11:11:48]   gauge     omega_cluster_means_sd_within_groups_final    0.050779249577116825 +- 0.0 (n=1, none=0)
[11:11:48]   gauge     transporter_drift_rate_within                 0.0022273550602528148 +- 0.0 (n=1, none=0)
[11:11:48]   gauge     cluster_purity                                1.0 +- 0.0 (n=1, none=0)
[11:11:48]   gauge     clusters_per_group_mean                       4.0 +- 0.0 (n=1, none=0)
[11:11:48]   gauge     delay_shock/R_raw_after                       0.31836126388159425 +- 0.0 (n=1, none=0)
[11:11:48]   gauge     delay_shock/R_cov_after                       0.9058414342313531 +- 0.0 (n=1, none=0)
[11:11:48]   gauge     delay_shock/R_raw_min_during                  0.25336170417766873 +- 0.0 (n=1, none=0)
[11:11:48]   gauge     delay_shock/recovery_time_raw_0.9             28.0 +- 0.0 (n=1, none=0)
[11:11:48]   gauge     delay_shock/J_within_groups_after_over_J0     0.6820274185894907 +- 0.0 (n=1, none=0)
[11:11:48]   gauge     delay_shock/ARI_after_vs_before               0.841333184942578 +- 0.0 (n=1, none=0)
[11:11:48]   gauge     delay_shock/frac_clusters_collapsed           0.875 +- 0.0 (n=1, none=0)
[11:11:48]   gauge     delay_shock/R_cov_min_during                  0.3556565434111876 +- 0.0 (n=1, none=0)
[11:11:48]   gauge     delay_shock/recovery_time_cov_0.9             138.0 +- 0.0 (n=1, none=0)
[11:11:48]   gauge     delay_shock/frac_clusters_collapsed_cov       0.0 +- 0.0 (n=1, none=0)
[11:11:48]   gauge     delay_shock/ARI_after_vs_groups               0.28419442564046105 +- 0.0 (n=1, none=0)
[11:11:48]   gauge     delay_shock/purity_after                      1.0 +- 0.0 (n=1, none=0)
[11:11:48]   gauge     delay_shock/largest_component_fraction_after  0.9275740599270011 +- 0.0 (n=1, none=0)
[11:11:48]   gauge     delay_shock/R_cov_lcc_after                   0.9764683787000468 +- 0.0 (n=1, none=0)
[11:11:48]   gauge     delay_shock/exact_compensator_max_deviation   9.550499576785472e-16 +- 0.0 (n=1, none=0)
[11:11:48]   gauge     delay_shock/frozen_R_cov_after                0.5140694263716862 +- 0.0 (n=1, none=0)
[11:11:48]   gauge     delay_shock/frozen_ARI_after_vs_before        0.22028800963025372 +- 0.0 (n=1, none=0)
[11:11:48]   gauge     removal/R_raw_after_survivors                 0.35030914039137406 +- 0.0 (n=1, none=0)
[11:11:48]   gauge     removal/R_cov_after_survivors                 0.9117058049489751 +- 0.0 (n=1, none=0)
[11:11:48]   gauge     removal/frac_clusters_collapsed               0.8125 +- 0.0 (n=1, none=0)
[11:11:48]   gauge     removal/frac_clusters_collapsed_cov           0.0 +- 0.0 (n=1, none=0)
[11:11:48]   gauge     removal/largest_component_fraction_after      0.9167239010989011 +- 0.0 (n=1, none=0)
[11:11:48]   gauge     frequency_step/R_raw_min_during               0.16923407612252706 +- 0.0 (n=1, none=0)
[11:11:48]   gauge     frequency_step/R_raw_end_over_before          1.0962711998078556 +- 0.0 (n=1, none=0)
[11:11:48]   gauge     frequency_step/relock_time_raw_0.9            18.0 +- 0.0 (n=1, none=0)
[11:11:48]   gauge     frequency_step/omega_shifted_final_minus_group_mean 0.2794332580660259 +- 0.0 (n=1, none=0)
[11:11:48]   standard  n_clusters                                    10.0 +- 0.0 (n=1, none=0)
[11:11:48]   standard  frac_composite                                0.24 +- 0.0 (n=1, none=0)
[11:11:48]   standard  ARI_vs_groups                                 0.3487654035665092 +- 0.0 (n=1, none=0)
[11:11:48]   standard  R_raw_mean                                    0.34968745448727645 +- 0.0 (n=1, none=0)
[11:11:48]   standard  R_cov_mean                                    0.8404176453690699 +- 0.0 (n=1, none=0)
[11:11:48]   standard  R_cov_lcc_mean                                0.8404176453690699 +- 0.0 (n=1, none=0)
[11:11:48]   standard  largest_component_fraction_mean               1.0 +- 0.0 (n=1, none=0)
[11:11:48]   standard  n_components_mean                             1.0 +- 0.0 (n=1, none=0)
[11:11:48]   standard  J_within_groups_over_J0                       0.4010599089837482 +- 0.0 (n=1, none=0)
[11:11:48]   standard  J_between_groups_over_J0                      0.14076583324764202 +- 0.0 (n=1, none=0)
[11:11:48]   standard  holonomy_abs_mean_within                      1.624929025965279 +- 0.0 (n=1, none=0)
[11:11:48]   standard  holonomy_abs_mean_between                     1.587514283218678 +- 0.0 (n=1, none=0)
[11:11:48]   standard  holonomy_abs_median_within                    1.6683966516139992 +- 0.0 (n=1, none=0)
[11:11:48]   standard  holonomy_abs_median_between                   1.6052294025582508 +- 0.0 (n=1, none=0)
[11:11:48]   standard  reversibility_defect_abs_mean                 1.5713888825782207 +- 0.0 (n=1, none=0)
[11:11:48]   standard  reversibility_defect_abs_mean_within          1.3925166852766828 +- 0.0 (n=1, none=0)
[11:11:48]   standard  reversibility_defect_abs_mean_between         1.3809385462189216 +- 0.0 (n=1, none=0)
[11:11:48]   standard  cycle_residual_abs_mean                       0.7230538958469225 +- 0.0 (n=1, none=0)
[11:11:48]   standard  cycle_residual_abs_median                     0.6609692753691763 +- 0.0 (n=1, none=0)
[11:11:48]   standard  cycle_residual_abs_q95                        1.64157354344075 +- 0.0 (n=1, none=0)
[11:11:48]   standard  cycle_residual_abs_max                        1.7649216215164258 +- 0.0 (n=1, none=0)
[11:11:48]   standard  cycle_constraints_below_tolerance             0.034482758620689655 +- 0.0 (n=1, none=0)
[11:11:48]   standard  candidate_units_certified_flat                0.0 +- 0.0 (n=1, none=0)
[11:11:48]   standard  omega_within_groups_sd_final                  0.10094436464848522 +- 0.0 (n=1, none=0)
[11:11:48]   standard  omega_within_clusters_sd_final                0.029003081487179172 +- 0.0 (n=1, none=0)
[11:11:48]   standard  omega_cluster_means_sd_within_groups_final    0.030960289242687112 +- 0.0 (n=1, none=0)
[11:11:48]   standard  transporter_drift_rate_within                 0.0 +- 0.0 (n=1, none=0)
[11:11:48]   standard  cluster_purity                                1.0 +- 0.0 (n=1, none=0)
[11:11:48]   standard  clusters_per_group_mean                       2.5 +- 0.0 (n=1, none=0)
[11:11:48]   standard  delay_shock/R_raw_after                       0.3282933794716316 +- 0.0 (n=1, none=0)
[11:11:48]   standard  delay_shock/R_cov_after                       0.6045053583092859 +- 0.0 (n=1, none=0)
[11:11:48]   standard  delay_shock/R_raw_min_during                  0.31000682219582965 +- 0.0 (n=1, none=0)
[11:11:48]   standard  delay_shock/recovery_time_raw_0.9             196.0 +- 0.0 (n=1, none=0)
[11:11:48]   standard  delay_shock/J_within_groups_after_over_J0     0.40047374375153433 +- 0.0 (n=1, none=0)
[11:11:48]   standard  delay_shock/ARI_after_vs_before               0.2511153111838129 +- 0.0 (n=1, none=0)
[11:11:48]   standard  delay_shock/frac_clusters_collapsed           0.9 +- 0.0 (n=1, none=0)
[11:11:48]   standard  delay_shock/R_cov_min_during                  0.35814142298188123 +- 0.0 (n=1, none=0)
[11:11:48]   standard  delay_shock/recovery_time_cov_0.9             None +- 0.0 (n=0, none=1)
[11:11:48]   standard  delay_shock/frac_clusters_collapsed_cov       0.2 +- 0.0 (n=1, none=0)
[11:11:48]   standard  delay_shock/ARI_after_vs_groups               0.4556249911434199 +- 0.0 (n=1, none=0)
[11:11:48]   standard  delay_shock/purity_after                      1.0 +- 0.0 (n=1, none=0)
[11:11:48]   standard  delay_shock/largest_component_fraction_after  0.6878571428571428 +- 0.0 (n=1, none=0)
[11:11:48]   standard  delay_shock/R_cov_lcc_after                   0.8668257292089269 +- 0.0 (n=1, none=0)
[11:11:48]   standard  delay_shock/exact_compensator_max_deviation   5.551115123125783e-16 +- 0.0 (n=1, none=0)
[11:11:48]   standard  delay_shock/frozen_R_cov_after                None +- 0.0 (n=0, none=1)
[11:11:48]   standard  delay_shock/frozen_ARI_after_vs_before        None +- 0.0 (n=0, none=1)
[11:11:48]   standard  removal/R_raw_after_survivors                 0.33878811726357 +- 0.0 (n=1, none=0)
[11:11:48]   standard  removal/R_cov_after_survivors                 0.8214841775470685 +- 0.0 (n=1, none=0)
[11:11:48]   standard  removal/frac_clusters_collapsed               0.8 +- 0.0 (n=1, none=0)
[11:11:48]   standard  removal/frac_clusters_collapsed_cov           0.1 +- 0.0 (n=1, none=0)
[11:11:48]   standard  removal/largest_component_fraction_after      0.9383333333333332 +- 0.0 (n=1, none=0)
[11:11:48]   standard  frequency_step/R_raw_min_during               0.12611317846990278 +- 0.0 (n=1, none=0)
[11:11:48]   standard  frequency_step/R_raw_end_over_before          0.9138242126314795 +- 0.0 (n=1, none=0)
[11:11:48]   standard  frequency_step/relock_time_raw_0.9            24.0 +- 0.0 (n=1, none=0)
[11:11:48]   standard  frequency_step/omega_shifted_final_minus_group_mean 0.3212623165635291 +- 0.0 (n=1, none=0)
[11:11:48] CONTROLS: gauge-covariance + non-vacuity: PASS
[11:11:48] DONE
332 +- 0.0 (n=1, none=0)
[11:11:48]   standard  frequency_step/R_raw_min_during               0.12611317846990278 +- 0.0 (n=1, none=0)
[11:11:48]   standard  frequency_step/R_raw_end_over_before          0.9138242126314795 +- 0.0 (n=1, none=0)
[11:11:48]   standard  frequency_step/relock_time_raw_0.9            24.0 +- 0.0 (n=1, none=0)
[11:11:48]   standard  frequency_step/omega_shifted_final_minus_group_mean 0.3212623165635291 +- 0.0 (n=1, none=0)
[11:11:48] CONTROLS: gauge-covariance + non-vacuity: PASS
[11:11:48] DONE
