[11:14:28] params {"schema_version": 2, "N": 1000, "k": 12, "G": 4, "dOmega": 2.0, "sigma_omega": 0.05, "mu": 1.0, "J0": 0.3, "eta_theta": 0.05, "eta_J": 0.005, "eta_omega": 0.005, "D": 0.005, "dt": 0.05, "T1": 800.0, "T2": 400.0, "rec_every": 2.0, "thr_frac": 0.5, "min_size": 5, "delta_max": 3.141592653589793, "remove_frac": 0.2, "freq_step": 0.5, "models": ["gauge", "standard", "quenched"], "seeds": [0, 1, 2, 3, 4], "theta_rule": "normalised", "flat_tolerance": 0.01, "code_sha256": "47092474483a132ff85f66cf3bdc96dabd810b42c6cb8870417bc7d0d830d256"}
[11:14:55]   seed 0 gauge     phase A done (27 s)
[11:15:20]   seed 0 standard  phase A done (52 s)
[11:15:52]   seed 0 quenched  phase A done (85 s)
[11:15:53]   seed 0 gauge    : clusters=58 composite=0.71 purity=0.9844851904090268 ARI=0.156 Rraw=0.299 Rcov*coverage=0.987 cycle_q95=0.0001621251193473227 cycle_max=0.00286938836510231
[11:15:53]   seed 0 standard : clusters=31 composite=0.20 purity=1.0 ARI=0.158 Rraw=0.339 Rcov*coverage=0.795 cycle_q95=1.773224926712933 cycle_max=3.1076804869234964
[11:15:53]   seed 0 quenched : clusters=35 composite=0.23 purity=1.0 ARI=0.151 Rraw=0.363 Rcov*coverage=0.814 cycle_q95=1.7328161599417862 cycle_max=3.0196918784573112
[11:17:10]   seed 0 gauge     tests: shock R_raw 0.299->0.313 (cov 0.993) rec=354.0; removal R 0.318; relock=12.0
[11:18:05]   seed 0 standard  tests: shock R_raw 0.339->0.363 (cov 0.530) rec=86.0; removal R 0.415; relock=12.0
[11:19:05]   seed 0 quenched  tests: shock R_raw 0.363->0.359 (cov 0.535) rec=16.0; removal R 0.405; relock=14.0
[11:19:05] seed 0 done, elapsed 277 s, ETA 1109 s
[11:19:38]   seed 1 gauge     phase A done (33 s)
[11:20:11]   seed 1 standard  phase A done (66 s)
[11:20:43]   seed 1 quenched  phase A done (98 s)
[11:20:43]   seed 1 gauge    : clusters=59 composite=0.76 purity=0.9764089121887287 ARI=0.150 Rraw=0.277 Rcov*coverage=0.984 cycle_q95=0.00014993159633616134 cycle_max=0.010272948222398881
[11:20:43]   seed 1 standard : clusters=28 composite=0.18 purity=1.0 ARI=0.186 Rraw=0.377 Rcov*coverage=0.767 cycle_q95=1.6533998203927132 cycle_max=3.093627781670725
[11:20:44]   seed 1 quenched : clusters=31 composite=0.20 purity=1.0 ARI=0.148 Rraw=0.348 Rcov*coverage=0.799 cycle_q95=1.6612976250708495 cycle_max=2.190472863045599
[11:22:11]   seed 1 gauge     tests: shock R_raw 0.277->0.305 (cov 0.983) rec=0.0; removal R 0.298; relock=20.0
[11:23:03]   seed 1 standard  tests: shock R_raw 0.377->0.327 (cov 0.541) rec=144.0; removal R 0.454; relock=12.0
[11:23:56]   seed 1 quenched  tests: shock R_raw 0.348->0.383 (cov 0.577) rec=42.0; removal R 0.405; relock=12.0
[11:23:56] seed 1 done, elapsed 569 s, ETA 853 s
[11:24:29]   seed 2 gauge     phase A done (32 s)
[11:24:58]   seed 2 standard  phase A done (61 s)
[11:25:28]   seed 2 quenched  phase A done (91 s)
[11:25:28]   seed 2 gauge    : clusters=63 composite=0.80 purity=0.9850374064837906 ARI=0.124 Rraw=0.259 Rcov*coverage=0.983 cycle_q95=0.00013987673551110185 cycle_max=0.011309690407689033
[11:25:28]   seed 2 standard : clusters=25 composite=0.16 purity=1.0 ARI=0.194 Rraw=0.350 Rcov*coverage=0.799 cycle_q95=1.852713478935095 cycle_max=2.8981267237242214
[11:25:28]   seed 2 quenched : clusters=33 composite=0.20 purity=1.0 ARI=0.150 Rraw=0.356 Rcov*coverage=0.815 cycle_q95=1.604332017001826 cycle_max=3.124766801874001
[11:27:17]   seed 2 gauge     tests: shock R_raw 0.259->0.301 (cov 0.990) rec=0.0; removal R 0.322; relock=12.0
[11:28:25]   seed 2 standard  tests: shock R_raw 0.350->0.395 (cov 0.568) rec=136.0; removal R 0.353; relock=16.0
[11:29:37]   seed 2 quenched  tests: shock R_raw 0.356->0.330 (cov 0.522) rec=380.0; removal R 0.413; relock=12.0
[11:29:37] seed 2 done, elapsed 909 s, ETA 606 s
[11:30:18]   seed 3 gauge     phase A done (40 s)
[11:30:55]   seed 3 standard  phase A done (78 s)
[11:31:35]   seed 3 quenched  phase A done (118 s)
[11:31:36]   seed 3 gauge    : clusters=57 composite=0.76 purity=0.988173455978975 ARI=0.188 Rraw=0.332 Rcov*coverage=0.993 cycle_q95=0.00011028503322147996 cycle_max=0.0007411383481326084
[11:31:36]   seed 3 standard : clusters=30 composite=0.21 purity=1.0 ARI=0.169 Rraw=0.376 Rcov*coverage=0.825 cycle_q95=1.7094460930946815 cycle_max=2.6422377900415768
[11:31:36]   seed 3 quenched : clusters=29 composite=0.18 purity=1.0 ARI=0.170 Rraw=0.425 Rcov*coverage=0.767 cycle_q95=1.7487665945269826 cycle_max=2.553910306508816
[11:33:29]   seed 3 gauge     tests: shock R_raw 0.332->0.280 (cov 0.995) rec=None; removal R 0.331; relock=32.0
[11:34:40]   seed 3 standard  tests: shock R_raw 0.376->0.322 (cov 0.495) rec=354.0; removal R 0.395; relock=50.0
[11:35:51]   seed 3 quenched  tests: shock R_raw 0.425->0.393 (cov 0.540) rec=316.0; removal R 0.466; relock=14.0
[11:35:51] seed 3 done, elapsed 1284 s, ETA 321 s
[11:36:34]   seed 4 gauge     phase A done (42 s)
[11:37:13]   seed 4 standard  phase A done (81 s)
[11:38:42]   seed 4 quenched  phase A done (170 s)
[11:38:44]   seed 4 gauge    : clusters=61 composite=0.77 purity=0.9674902470741222 ARI=0.135 Rraw=0.287 Rcov*coverage=0.981 cycle_q95=0.0002235955325726735 cycle_max=0.005416693783196536
[11:38:44]   seed 4 standard : clusters=30 composite=0.19 purity=1.0 ARI=0.159 Rraw=0.290 Rcov*coverage=0.805 cycle_q95=1.5429958913201842 cycle_max=2.692257079102238
[11:38:45]   seed 4 quenched : clusters=34 composite=0.23 purity=1.0 ARI=0.162 Rraw=0.294 Rcov*coverage=0.800 cycle_q95=1.76299063410011 cycle_max=2.8689297333566977
[11:44:22]   seed 4 gauge     tests: shock R_raw 0.287->0.320 (cov 0.988) rec=2.0; removal R 0.358; relock=12.0
[11:47:45]   seed 4 standard  tests: shock R_raw 0.290->0.352 (cov 0.541) rec=0.0; removal R 0.409; relock=12.0
[11:51:23]   seed 4 quenched  tests: shock R_raw 0.294->0.354 (cov 0.528) rec=0.0; removal R 0.332; relock=12.0
[11:51:23] seed 4 done, elapsed 2215 s, ETA 0 s
[11:51:24] AGGREGATE (mean, sd over seeds):
[11:51:24]   gauge     n_clusters                                    59.6 +- 2.4083189157584592 (n=5, none=0)
[11:51:24]   gauge     frac_composite                                0.7608 +- 0.03336465195382685 (n=5, none=0)
[11:51:24]   gauge     ARI_vs_groups                                 0.15073896824431587 +- 0.024391360086884167 (n=5, none=0)
[11:51:24]   gauge     R_raw_mean                                    0.29082344500611745 +- 0.027158549883200468 (n=5, none=0)
[11:51:24]   gauge     R_cov_mean                                    0.9854900582725324 +- 0.004776213195954888 (n=5, none=0)
[11:51:24]   gauge     R_cov_lcc_mean                                0.9854900582725324 +- 0.004776213195954888 (n=5, none=0)
[11:51:24]   gauge     largest_component_fraction_mean               1.0 +- 0.0 (n=5, none=0)
[11:51:24]   gauge     n_components_mean                             1.0 +- 0.0 (n=5, none=0)
[11:51:24]   gauge     J_within_groups_over_J0                       0.9344202172704936 +- 0.0069928444750730805 (n=5, none=0)
[11:51:24]   gauge     J_between_groups_over_J0                      0.040799308003341854 +- 0.010887221650217818 (n=5, none=0)
[11:51:24]   gauge     holonomy_abs_mean_within                      0.00023586019398325435 +- 0.0003816819825377584 (n=5, none=0)
[11:51:24]   gauge     holonomy_abs_mean_between                     1.5450207842287498 +- 0.003360069574605417 (n=5, none=0)
[11:51:24]   gauge     holonomy_abs_median_within                    2.7803596752562497e-05 +- 2.7542357400266064e-06 (n=5, none=0)
[11:51:24]   gauge     holonomy_abs_median_between                   1.530983186641794 +- 0.005149094392242653 (n=5, none=0)
[11:51:24]   gauge     reversibility_defect_abs_mean                 0.6199839000075741 +- 0.011481997065524637 (n=5, none=0)
[11:51:24]   gauge     reversibility_defect_abs_mean_within          1.4598800385299987e-06 +- 3.2643909935422483e-06 (n=5, none=0)
[11:51:24]   gauge     reversibility_defect_abs_mean_between         0.840850515431864 +- 0.01225852271455508 (n=5, none=0)
[11:51:24]   gauge     cycle_residual_abs_mean                       4.348225532854416e-05 +- 2.790898594869722e-05 (n=5, none=0)
[11:51:24]   gauge     cycle_residual_abs_median                     1.5099033134902129e-15 +- 2.432376777795247e-16 (n=5, none=0)
[11:51:24]   gauge     cycle_residual_abs_q95                        0.00015716280339774788 +- 4.1792810148579043e-05 (n=5, none=0)
[11:51:24]   gauge     cycle_residual_abs_max                        0.006121971825303873 +- 0.004587295345041746 (n=5, none=0)
[11:51:24]   gauge     cycle_constraints_below_tolerance             0.9997896191858455 +- 0.0002882254005122628 (n=5, none=0)
[11:51:24]   gauge     candidate_units_certified_flat                0.9759029686596092 +- 0.040336540290671886 (n=5, none=0)
[11:51:24]   gauge     omega_within_groups_sd_final                  0.1985864161710035 +- 0.03623099825092951 (n=5, none=0)
[11:51:24]   gauge     omega_within_clusters_sd_final                0.01923446300781103 +- 0.0018281299550991872 (n=5, none=0)
[11:51:24]   gauge     omega_cluster_means_sd_within_groups_final    0.29648266198840156 +- 0.05917888448542388 (n=5, none=0)
[11:51:24]   gauge     transporter_drift_rate_within                 0.003778255743054222 +- 0.0004682395510794188 (n=5, none=0)
[11:51:24]   gauge     cluster_purity                                0.9803190424269286 +- 0.008384191513083854 (n=5, none=0)
[11:51:24]   gauge     clusters_per_group_mean                       14.9 +- 0.6020797289396148 (n=5, none=0)
[11:51:24]   gauge     delay_shock/R_raw_after                       0.3036443282125695 +- 0.015331332941699905 (n=5, none=0)
[11:51:24]   gauge     delay_shock/R_cov_after                       0.9898358735194692 +- 0.004642791623024242 (n=5, none=0)
[11:51:24]   gauge     delay_shock/R_raw_min_during                  0.2723960482536579 +- 0.015007267178249082 (n=5, none=0)
[11:51:24]   gauge     delay_shock/recovery_time_raw_0.9             89.0 +- 176.6691823720255 (n=4, none=1)
[11:51:24]   gauge     delay_shock/J_within_groups_after_over_J0     0.9518331014030273 +- 0.007216336374262596 (n=5, none=0)
[11:51:24]   gauge     delay_shock/ARI_after_vs_before               0.9946136507217872 +- 0.012044243136640941 (n=5, none=0)
[11:51:24]   gauge     delay_shock/frac_clusters_collapsed           0.856365409952689 +- 0.02571218071774537 (n=5, none=0)
[11:51:24]   gauge     delay_shock/R_cov_min_during                  0.30857773680648026 +- 0.007630785470659677 (n=5, none=0)
[11:51:24]   gauge     delay_shock/recovery_time_cov_0.9             30.4 +- 1.6733200530681511 (n=5, none=0)
[11:51:24]   gauge     delay_shock/frac_clusters_collapsed_cov       0.0 +- 0.0 (n=5, none=0)
[11:51:24]   gauge     delay_shock/ARI_after_vs_groups               0.1499269863603622 +- 0.024854739000116553 (n=5, none=0)
[11:51:24]   gauge     delay_shock/purity_after                      0.9803221465067242 +- 0.00838782852236837 (n=5, none=0)
[11:51:24]   gauge     delay_shock/largest_component_fraction_after  0.9988135593220339 +- 0.002652962007203173 (n=5, none=0)
[11:51:24]   gauge     delay_shock/R_cov_lcc_after                   0.9910144722594643 +- 0.0029731079212492947 (n=5, none=0)
[11:51:24]   gauge     delay_shock/exact_compensator_max_deviation   7.16944996274943e-15 +- 2.895638460632774e-17 (n=5, none=0)
[11:51:24]   gauge     delay_shock/frozen_R_cov_after                0.4076129082475866 +- 0.01036255907603426 (n=5, none=0)
[11:51:24]   gauge     delay_shock/frozen_ARI_after_vs_before        0.01850534935520429 +- 0.004281293072146161 (n=5, none=0)
[11:51:24]   gauge     removal/R_raw_after_survivors                 0.3256121074481699 +- 0.02181591444892248 (n=5, none=0)
[11:51:24]   gauge     removal/R_cov_after_survivors                 0.8506982838292567 +- 0.03532798629646569 (n=5, none=0)
[11:51:24]   gauge     removal/frac_clusters_collapsed               0.8198326127378308 +- 0.04955924296642201 (n=5, none=0)
[11:51:24]   gauge     removal/frac_clusters_collapsed_cov           0.0829862811785094 +- 0.04014620843446353 (n=5, none=0)
[11:51:24]   gauge     removal/largest_component_fraction_after      0.8550659533625916 +- 0.035305539241987594 (n=5, none=0)
[11:51:24]   gauge     frequency_step/R_raw_min_during               0.21639826481093136 +- 0.02291135456170976 (n=5, none=0)
[11:51:24]   gauge     frequency_step/R_raw_end_over_before          1.0951933034485157 +- 0.3224160188321172 (n=5, none=0)
[11:51:24]   gauge     frequency_step/relock_time_raw_0.9            17.6 +- 8.763560920082657 (n=5, none=0)
[11:51:24]   gauge     frequency_step/omega_shifted_final_minus_group_mean 0.16198756492384492 +- 0.014270995239504402 (n=5, none=0)
[11:51:24]   standard  n_clusters                                    28.8 +- 2.3874672772626644 (n=5, none=0)
[11:51:24]   standard  frac_composite                                0.1882 +- 0.019639246421387965 (n=5, none=0)
[11:51:24]   standard  ARI_vs_groups                                 0.17312278755228744 +- 0.016128057126971344 (n=5, none=0)
[11:51:24]   standard  R_raw_mean                                    0.3465531594874151 +- 0.03556667452817461 (n=5, none=0)
[11:51:24]   standard  R_cov_mean                                    0.7983435438545186 +- 0.02096275672047523 (n=5, none=0)
[11:51:24]   standard  R_cov_lcc_mean                                0.7983435438545186 +- 0.02096275672047523 (n=5, none=0)
[11:51:24]   standard  largest_component_fraction_mean               1.0 +- 0.0 (n=5, none=0)
[11:51:24]   standard  n_components_mean                             1.0 +- 0.0 (n=5, none=0)
[11:51:24]   standard  J_within_groups_over_J0                       0.4527367239445149 +- 0.007819463589855791 (n=5, none=0)
[11:51:24]   standard  J_between_groups_over_J0                      0.018871684598447076 +- 5.798985515775261e-05 (n=5, none=0)
[11:51:24]   standard  holonomy_abs_mean_within                      1.5335815266956843 +- 0.05386865939084599 (n=5, none=0)
[11:51:24]   standard  holonomy_abs_mean_between                     1.5739207805761728 +- 0.009351726885202869 (n=5, none=0)
[11:51:24]   standard  holonomy_abs_median_within                    1.5431738276612472 +- 0.11948005451914608 (n=5, none=0)
[11:51:24]   standard  holonomy_abs_median_between                   1.5763353823565773 +- 0.018680439614716323 (n=5, none=0)
[11:51:24]   standard  reversibility_defect_abs_mean                 1.5647710724985928 +- 0.02147527507847522 (n=5, none=0)
[11:51:24]   standard  reversibility_defect_abs_mean_within          1.2853564702508093 +- 0.017376441422156053 (n=5, none=0)
[11:51:24]   standard  reversibility_defect_abs_mean_between         1.5578021664345063 +- 0.08377674018436408 (n=5, none=0)
[11:51:24]   standard  cycle_residual_abs_mean                       0.8181239553304156 +- 0.04879100908650753 (n=5, none=0)
[11:51:24]   standard  cycle_residual_abs_median                     0.7495062509003195 +- 0.057128853874715696 (n=5, none=0)
[11:51:24]   standard  cycle_residual_abs_q95                        1.7063560420911217 +- 0.1176779458328766 (n=5, none=0)
[11:51:24]   standard  cycle_residual_abs_max                        2.8867859722924516 +- 0.21757288265775257 (n=5, none=0)
[11:51:24]   standard  cycle_constraints_below_tolerance             0.00672828105413259 +- 0.005063114804620743 (n=5, none=0)
[11:51:24]   standard  candidate_units_certified_flat                0.0 +- 0.0 (n=5, none=0)
[11:51:24]   standard  omega_within_groups_sd_final                  0.20233408027927463 +- 0.010887451171465909 (n=5, none=0)
[11:51:24]   standard  omega_within_clusters_sd_final                0.008164980899392087 +- 0.00042500112610731783 (n=5, none=0)
[11:51:24]   standard  omega_cluster_means_sd_within_groups_final    0.15373253849271476 +- 0.03410320019036283 (n=5, none=0)
[11:51:24]   standard  transporter_drift_rate_within                 0.0 +- 0.0 (n=5, none=0)
[11:51:24]   standard  cluster_purity                                1.0 +- 0.0 (n=5, none=0)
[11:51:24]   standard  clusters_per_group_mean                       7.2 +- 0.5968668193156661 (n=5, none=0)
[11:51:24]   standard  delay_shock/R_raw_after                       0.35173795701265476 +- 0.029399888087902525 (n=5, none=0)
[11:51:24]   standard  delay_shock/R_cov_after                       0.5349623506481226 +- 0.02637907752028976 (n=5, none=0)
[11:51:24]   standard  delay_shock/R_raw_min_during                  0.3036363038994464 +- 0.016186368159604038 (n=5, none=0)
[11:51:24]   standard  delay_shock/recovery_time_raw_0.9             144.0 +- 130.63690137170278 (n=5, none=0)
[11:51:24]   standard  delay_shock/J_within_groups_after_over_J0     0.4265166894942879 +- 0.004521328078476141 (n=5, none=0)
[11:51:24]   standard  delay_shock/ARI_after_vs_before               0.0985147055228072 +- 0.028097325134036608 (n=5, none=0)
[11:51:24]   standard  delay_shock/frac_clusters_collapsed           0.7831244239631336 +- 0.045616481417521774 (n=5, none=0)
[11:51:24]   standard  delay_shock/R_cov_min_during                  0.3776759213907011 +- 0.018679779099014363 (n=5, none=0)
[11:51:24]   standard  delay_shock/recovery_time_cov_0.9             None +- 0.0 (n=0, none=5)
[11:51:24]   standard  delay_shock/frac_clusters_collapsed_cov       0.48258371735791084 +- 0.07933249166620383 (n=5, none=0)
[11:51:24]   standard  delay_shock/ARI_after_vs_groups               0.1730471383744079 +- 0.01505198478715267 (n=5, none=0)
[11:51:24]   standard  delay_shock/purity_after                      1.0 +- 0.0 (n=5, none=0)
[11:51:24]   standard  delay_shock/largest_component_fraction_after  0.6319213159564361 +- 0.016523032063922957 (n=5, none=0)
[11:51:24]   standard  delay_shock/R_cov_lcc_after                   0.868570038786834 +- 0.02069848925303431 (n=5, none=0)
[11:51:24]   standard  delay_shock/exact_compensator_max_deviation   5.551115123125783e-16 +- 0.0 (n=5, none=0)
[11:51:24]   standard  delay_shock/frozen_R_cov_after                None +- 0.0 (n=0, none=5)
[11:51:24]   standard  delay_shock/frozen_ARI_after_vs_before        None +- 0.0 (n=0, none=5)
[11:51:24]   standard  removal/R_raw_after_survivors                 0.4052857279997803 +- 0.036434634620065166 (n=5, none=0)
[11:51:24]   standard  removal/R_cov_after_survivors                 0.7229648388751934 +- 0.04207016202462593 (n=5, none=0)
[11:51:24]   standard  removal/frac_clusters_collapsed               0.6630568356374809 +- 0.10405192523839278 (n=5, none=0)
[11:51:24]   standard  removal/frac_clusters_collapsed_cov           0.19480491551459292 +- 0.06261925289028103 (n=5, none=0)
[11:51:24]   standard  removal/largest_component_fraction_after      0.8339851683390853 +- 0.034140310097756935 (n=5, none=0)
[11:51:24]   standard  frequency_step/R_raw_min_during               0.24783769772008188 +- 0.01959373111464822 (n=5, none=0)
[11:51:24]   standard  frequency_step/R_raw_end_over_before          0.9732730503180296 +- 0.22235849515764958 (n=5, none=0)
[11:51:24]   standard  frequency_step/relock_time_raw_0.9            20.4 +- 16.637307474468336 (n=5, none=0)
[11:51:24]   standard  frequency_step/omega_shifted_final_minus_group_mean 0.30218135307689664 +- 0.03507780206220264 (n=5, none=0)
[11:51:24]   quenched  n_clusters                                    32.4 +- 2.4083189157584592 (n=5, none=0)
[11:51:24]   quenched  frac_composite                                0.2068 +- 0.02312358103754694 (n=5, none=0)
[11:51:24]   quenched  ARI_vs_groups                                 0.15617020409193288 +- 0.009477050361058333 (n=5, none=0)
[11:51:24]   quenched  R_raw_mean                                    0.3569258169183901 +- 0.046583585324879107 (n=5, none=0)
[11:51:24]   quenched  R_cov_mean                                    0.7989500258294678 +- 0.01937249138209888 (n=5, none=0)
[11:51:24]   quenched  R_cov_lcc_mean                                0.7989500258294678 +- 0.01937249138209888 (n=5, none=0)
[11:51:24]   quenched  largest_component_fraction_mean               1.0 +- 0.0 (n=5, none=0)
[11:51:24]   quenched  n_components_mean                             1.0 +- 0.0 (n=5, none=0)
[11:51:24]   quenched  J_within_groups_over_J0                       0.46048441704613763 +- 0.012934664977992553 (n=5, none=0)
[11:51:24]   quenched  J_between_groups_over_J0                      0.018855801768656488 +- 3.620889059318791e-05 (n=5, none=0)
[11:51:24]   quenched  holonomy_abs_mean_within                      1.5536033467962866 +- 0.0947303370006706 (n=5, none=0)
[11:51:24]   quenched  holonomy_abs_mean_between                     1.5737429777157677 +- 0.0037961009546860457 (n=5, none=0)
[11:51:24]   quenched  holonomy_abs_median_within                    1.532517149903332 +- 0.10362871163883498 (n=5, none=0)
[11:51:24]   quenched  holonomy_abs_median_between                   1.5741517897177397 +- 0.005553171582050141 (n=5, none=0)
[11:51:24]   quenched  reversibility_defect_abs_mean                 1.5749633383937134 +- 0.004912719149779505 (n=5, none=0)
[11:51:24]   quenched  reversibility_defect_abs_mean_within          1.3031162039981818 +- 0.06023920767485745 (n=5, none=0)
[11:51:24]   quenched  reversibility_defect_abs_mean_between         1.59569531637502 +- 0.034891421884828765 (n=5, none=0)
[11:51:24]   quenched  cycle_residual_abs_mean                       0.7730933829111096 +- 0.03385290071427094 (n=5, none=0)
[11:51:24]   quenched  cycle_residual_abs_median                     0.6885295795606474 +- 0.05177990054306065 (n=5, none=0)
[11:51:24]   quenched  cycle_residual_abs_q95                        1.7020406061283109 +- 0.06717945651138243 (n=5, none=0)
[11:51:24]   quenched  cycle_residual_abs_max                        2.751554316648485 +- 0.3804069702140169 (n=5, none=0)
[11:51:24]   quenched  cycle_constraints_below_tolerance             0.008927775773062734 +- 0.005371526645745268 (n=5, none=0)
[11:51:24]   quenched  candidate_units_certified_flat                0.0 +- 0.0 (n=5, none=0)
[11:51:24]   quenched  omega_within_groups_sd_final                  0.19447649161088432 +- 0.009094630552374887 (n=5, none=0)
[11:51:24]   quenched  omega_within_clusters_sd_final                0.008025215147239598 +- 0.000766077095297605 (n=5, none=0)
[11:51:24]   quenched  omega_cluster_means_sd_within_groups_final    0.1732379221647392 +- 0.027300611170046736 (n=5, none=0)
[11:51:24]   quenched  transporter_drift_rate_within                 0.0 +- 0.0 (n=5, none=0)
[11:51:24]   quenched  cluster_purity                                1.0 +- 0.0 (n=5, none=0)
[11:51:24]   quenched  clusters_per_group_mean                       8.1 +- 0.6020797289396148 (n=5, none=0)
[11:51:24]   quenched  delay_shock/R_raw_after                       0.3637066729215375 +- 0.02454722724559456 (n=5, none=0)
[11:51:24]   quenched  delay_shock/R_cov_after                       0.5403704939118518 +- 0.0216988842379394 (n=5, none=0)
[11:51:24]   quenched  delay_shock/R_raw_min_during                  0.31735830373967866 +- 0.01875931389262771 (n=5, none=0)
[11:51:24]   quenched  delay_shock/recovery_time_raw_0.9             150.8 +- 182.05273961135546 (n=5, none=0)
[11:51:24]   quenched  delay_shock/J_within_groups_after_over_J0     0.4293532464793503 +- 0.005805882392046541 (n=5, none=0)
[11:51:24]   quenched  delay_shock/ARI_after_vs_before               0.07192194112431076 +- 0.02479859150323434 (n=5, none=0)
[11:51:24]   quenched  delay_shock/frac_clusters_collapsed           0.8126070248101263 +- 0.04235027547926132 (n=5, none=0)
[11:51:24]   quenched  delay_shock/R_cov_min_during                  0.3662144579532342 +- 0.019959561678103425 (n=5, none=0)
[11:51:24]   quenched  delay_shock/recovery_time_cov_0.9             None +- 0.0 (n=0, none=5)
[11:51:24]   quenched  delay_shock/frac_clusters_collapsed_cov       0.44342588729292914 +- 0.08666923038600839 (n=5, none=0)
[11:51:24]   quenched  delay_shock/ARI_after_vs_groups               0.20392574614993317 +- 0.02227521595907978 (n=5, none=0)
[11:51:24]   quenched  delay_shock/purity_after                      1.0 +- 0.0 (n=5, none=0)
[11:51:24]   quenched  delay_shock/largest_component_fraction_after  0.655761433054342 +- 0.031228278015775084 (n=5, none=0)
[11:51:24]   quenched  delay_shock/R_cov_lcc_after                   0.8489441293666902 +- 0.03298507009872705 (n=5, none=0)
[11:51:24]   quenched  delay_shock/exact_compensator_max_deviation   1.8210116521768235e-15 +- 1.6349788817656567e-17 (n=5, none=0)
[11:51:24]   quenched  delay_shock/frozen_R_cov_after                None +- 0.0 (n=0, none=5)
[11:51:24]   quenched  delay_shock/frozen_ARI_after_vs_before        None +- 0.0 (n=0, none=5)
[11:51:24]   quenched  removal/R_raw_after_survivors                 0.4042067689846129 +- 0.04784870346291908 (n=5, none=0)
[11:51:24]   quenched  removal/R_cov_after_survivors                 0.710221654997541 +- 0.013425774501640736 (n=5, none=0)
[11:51:24]   quenched  removal/frac_clusters_collapsed               0.7018247476966314 +- 0.06746367784785093 (n=5, none=0)
[11:51:24]   quenched  removal/frac_clusters_collapsed_cov           0.23027189478278925 +- 0.051974614739451655 (n=5, none=0)
[11:51:24]   quenched  removal/largest_component_fraction_after      0.8030693991499351 +- 0.009805451697730746 (n=5, none=0)
[11:51:24]   quenched  frequency_step/R_raw_min_during               0.2535153180394275 +- 0.00854039164036333 (n=5, none=0)
[11:51:24]   quenched  frequency_step/R_raw_end_over_before          1.065280640409103 +- 0.0563651244505209 (n=5, none=0)
[11:51:24]   quenched  frequency_step/relock_time_raw_0.9            12.8 +- 1.0954451150103324 (n=5, none=0)
[11:51:24]   quenched  frequency_step/omega_shifted_final_minus_group_mean 0.3273474959382848 +- 0.04873583099595707 (n=5, none=0)
[11:51:24] CONTROLS: gauge-covariance + non-vacuity: PASS
[11:51:24] DONE
:24]   quenched  frequency_step/R_raw_min_during               0.2535153180394275 +- 0.00854039164036333 (n=5, none=0)
[11:51:24]   quenched  frequency_step/R_raw_end_over_before          1.065280640409103 +- 0.0563651244505209 (n=5, none=0)
[11:51:24]   quenched  frequency_step/relock_time_raw_0.9            12.8 +- 1.0954451150103324 (n=5, none=0)
[11:51:24]   quenched  frequency_step/omega_shifted_final_minus_group_mean 0.3273474959382848 +- 0.04873583099595707 (n=5, none=0)
[11:51:24] CONTROLS: gauge-covariance + non-vacuity: PASS
[11:51:24] DONE
