[11:12:07] params {"schema_version": 2, "N": 250, "k": 12, "G": 4, "dOmega": 2.0, "sigma_omega": 0.05, "mu": 1.0, "J0": 0.3, "eta_theta": 0.05, "eta_J": 0.005, "eta_omega": 0.005, "D": 0.005, "dt": 0.025, "T1": 400.0, "T2": 200.0, "rec_every": 2.0, "thr_frac": 0.5, "min_size": 5, "delta_max": 3.141592653589793, "remove_frac": 0.2, "freq_step": 0.5, "models": ["gauge", "standard"], "seeds": [0], "theta_rule": "normalised", "flat_tolerance": 0.01, "code_sha256": "47092474483a132ff85f66cf3bdc96dabd810b42c6cb8870417bc7d0d830d256"}
[11:12:14]   seed 0 gauge     phase A done (7 s)
[11:12:20]   seed 0 standard  phase A done (13 s)
[11:12:20]   seed 0 gauge    : clusters=14 composite=0.66 purity=0.975609756097561 ARI=0.380 Rraw=0.313 Rcov*coverage=0.961 cycle_q95=0.002389143105524773 cycle_max=0.02708788967502862
[11:12:20]   seed 0 standard : clusters=3 composite=0.07 purity=1.0 ARI=0.553 Rraw=0.364 Rcov*coverage=0.882 cycle_q95=1.6728516025507787 cycle_max=1.7175148178849189
[11:12:36]   seed 0 gauge     tests: shock R_raw 0.313->0.283 (cov 0.983) rec=196.0; removal R 0.308; relock=120.0
[11:12:46]   seed 0 standard  tests: shock R_raw 0.364->0.480 (cov 0.611) rec=0.0; removal R 0.205; relock=14.0
[11:12:46] seed 0 done, elapsed 39 s, ETA 0 s
[11:12:46] AGGREGATE (mean, sd over seeds):
[11:12:46]   gauge     n_clusters                                    14.0 +- 0.0 (n=1, none=0)
[11:12:46]   gauge     frac_composite                                0.656 +- 0.0 (n=1, none=0)
[11:12:46]   gauge     ARI_vs_groups                                 0.3796008774702694 +- 0.0 (n=1, none=0)
[11:12:46]   gauge     R_raw_mean                                    0.3131945575655819 +- 0.0 (n=1, none=0)
[11:12:46]   gauge     R_cov_mean                                    0.9611974730673273 +- 0.0 (n=1, none=0)
[11:12:46]   gauge     R_cov_lcc_mean                                0.9611974730673273 +- 0.0 (n=1, none=0)
[11:12:46]   gauge     largest_component_fraction_mean               1.0 +- 0.0 (n=1, none=0)
[11:12:46]   gauge     n_components_mean                             1.0 +- 0.0 (n=1, none=0)
[11:12:46]   gauge     J_within_groups_over_J0                       0.776543416777437 +- 0.0 (n=1, none=0)
[11:12:46]   gauge     J_between_groups_over_J0                      0.16807113068810453 +- 0.0 (n=1, none=0)
[11:12:46]   gauge     holonomy_abs_mean_within                      0.0759453429289327 +- 0.0 (n=1, none=0)
[11:12:46]   gauge     holonomy_abs_mean_between                     1.5232560826617758 +- 0.0 (n=1, none=0)
[11:12:46]   gauge     holonomy_abs_median_within                    0.00027447737837515973 +- 0.0 (n=1, none=0)
[11:12:46]   gauge     holonomy_abs_median_between                   1.5048383366621505 +- 0.0 (n=1, none=0)
[11:12:46]   gauge     reversibility_defect_abs_mean                 0.5774448735958073 +- 0.0 (n=1, none=0)
[11:12:46]   gauge     reversibility_defect_abs_mean_within          0.0012468236425996655 +- 0.0 (n=1, none=0)
[11:12:46]   gauge     reversibility_defect_abs_mean_between         0.7940258898289965 +- 0.0 (n=1, none=0)
[11:12:46]   gauge     cycle_residual_abs_mean                       0.00045607430378387777 +- 0.0 (n=1, none=0)
[11:12:46]   gauge     cycle_residual_abs_median                     5.393936408637501e-10 +- 0.0 (n=1, none=0)
[11:12:46]   gauge     cycle_residual_abs_q95                        0.002389143105524773 +- 0.0 (n=1, none=0)
[11:12:46]   gauge     cycle_residual_abs_max                        0.02708788967502862 +- 0.0 (n=1, none=0)
[11:12:46]   gauge     cycle_constraints_below_tolerance             0.9911894273127754 +- 0.0 (n=1, none=0)
[11:12:46]   gauge     candidate_units_certified_flat                0.8536585365853658 +- 0.0 (n=1, none=0)
[11:12:46]   gauge     omega_within_groups_sd_final                  0.16040040174177062 +- 0.0 (n=1, none=0)
[11:12:46]   gauge     omega_within_clusters_sd_final                0.07838324594489583 +- 0.0 (n=1, none=0)
[11:12:46]   gauge     omega_cluster_means_sd_within_groups_final    0.12058960567254896 +- 0.0 (n=1, none=0)
[11:12:46]   gauge     transporter_drift_rate_within                 0.012771359805101315 +- 0.0 (n=1, none=0)
[11:12:46]   gauge     cluster_purity                                0.975609756097561 +- 0.0 (n=1, none=0)
[11:12:46]   gauge     clusters_per_group_mean                       3.5 +- 0.0 (n=1, none=0)
[11:12:46]   gauge     delay_shock/R_raw_after                       0.2831576158874836 +- 0.0 (n=1, none=0)
[11:12:46]   gauge     delay_shock/R_cov_after                       0.9825830861636647 +- 0.0 (n=1, none=0)
[11:12:46]   gauge     delay_shock/R_raw_min_during                  0.2093233291342413 +- 0.0 (n=1, none=0)
[11:12:46]   gauge     delay_shock/recovery_time_raw_0.9             196.0 +- 0.0 (n=1, none=0)
[11:12:46]   gauge     delay_shock/J_within_groups_after_over_J0     0.8664153426919984 +- 0.0 (n=1, none=0)
[11:12:46]   gauge     delay_shock/ARI_after_vs_before               0.8631496908530425 +- 0.0 (n=1, none=0)
[11:12:46]   gauge     delay_shock/frac_clusters_collapsed           1.0 +- 0.0 (n=1, none=0)
[11:12:46]   gauge     delay_shock/R_cov_min_during                  0.29564569629162074 +- 0.0 (n=1, none=0)
[11:12:46]   gauge     delay_shock/recovery_time_cov_0.9             30.0 +- 0.0 (n=1, none=0)
[11:12:46]   gauge     delay_shock/frac_clusters_collapsed_cov       0.0 +- 0.0 (n=1, none=0)
[11:12:46]   gauge     delay_shock/ARI_after_vs_groups               0.4787039101401922 +- 0.0 (n=1, none=0)
[11:12:46]   gauge     delay_shock/purity_after                      0.9817073170731707 +- 0.0 (n=1, none=0)
[11:12:46]   gauge     delay_shock/largest_component_fraction_after  0.9955357142857143 +- 0.0 (n=1, none=0)
[11:12:46]   gauge     delay_shock/R_cov_lcc_after                   0.9868655916983167 +- 0.0 (n=1, none=0)
[11:12:46]   gauge     delay_shock/exact_compensator_max_deviation   3.568399980426893e-15 +- 0.0 (n=1, none=0)
[11:12:46]   gauge     delay_shock/frozen_R_cov_after                0.41328158150876904 +- 0.0 (n=1, none=0)
[11:12:46]   gauge     delay_shock/frozen_ARI_after_vs_before        0.29451006515398 +- 0.0 (n=1, none=0)
[11:12:46]   gauge     removal/R_raw_after_survivors                 0.30820947723394243 +- 0.0 (n=1, none=0)
[11:12:46]   gauge     removal/R_cov_after_survivors                 0.8641895080486549 +- 0.0 (n=1, none=0)
[11:12:46]   gauge     removal/frac_clusters_collapsed               0.9285714285714286 +- 0.0 (n=1, none=0)
[11:12:46]   gauge     removal/frac_clusters_collapsed_cov           0.0 +- 0.0 (n=1, none=0)
[11:12:46]   gauge     removal/largest_component_fraction_after      0.8738740950925825 +- 0.0 (n=1, none=0)
[11:12:46]   gauge     frequency_step/R_raw_min_during               0.17089363303913382 +- 0.0 (n=1, none=0)
[11:12:46]   gauge     frequency_step/R_raw_end_over_before          1.1806344865858698 +- 0.0 (n=1, none=0)
[11:12:46]   gauge     frequency_step/relock_time_raw_0.9            120.0 +- 0.0 (n=1, none=0)
[11:12:46]   gauge     frequency_step/omega_shifted_final_minus_group_mean 0.30191260348703297 +- 0.0 (n=1, none=0)
[11:12:46]   standard  n_clusters                                    3.0 +- 0.0 (n=1, none=0)
[11:12:46]   standard  frac_composite                                0.072 +- 0.0 (n=1, none=0)
[11:12:46]   standard  ARI_vs_groups                                 0.5529676934635612 +- 0.0 (n=1, none=0)
[11:12:46]   standard  R_raw_mean                                    0.3642775040742669 +- 0.0 (n=1, none=0)
[11:12:46]   standard  R_cov_mean                                    0.8818923129419406 +- 0.0 (n=1, none=0)
[11:12:46]   standard  R_cov_lcc_mean                                0.8818923129419406 +- 0.0 (n=1, none=0)
[11:12:46]   standard  largest_component_fraction_mean               1.0 +- 0.0 (n=1, none=0)
[11:12:46]   standard  n_components_mean                             1.0 +- 0.0 (n=1, none=0)
[11:12:46]   standard  J_within_groups_over_J0                       0.38633163021950634 +- 0.0 (n=1, none=0)
[11:12:46]   standard  J_between_groups_over_J0                      0.1419358143780044 +- 0.0 (n=1, none=0)
[11:12:46]   standard  holonomy_abs_mean_within                      1.6159415022645758 +- 0.0 (n=1, none=0)
[11:12:46]   standard  holonomy_abs_mean_between                     1.5880734765065903 +- 0.0 (n=1, none=0)
[11:12:46]   standard  holonomy_abs_median_within                    1.7827392017926522 +- 0.0 (n=1, none=0)
[11:12:46]   standard  holonomy_abs_median_between                   1.6032193447354404 +- 0.0 (n=1, none=0)
[11:12:46]   standard  reversibility_defect_abs_mean                 1.5713888825782207 +- 0.0 (n=1, none=0)
[11:12:46]   standard  reversibility_defect_abs_mean_within          1.43929924837983 +- 0.0 (n=1, none=0)
[11:12:46]   standard  reversibility_defect_abs_mean_between         None +- 0.0 (n=0, none=1)
[11:12:46]   standard  cycle_residual_abs_mean                       0.6575966779701974 +- 0.0 (n=1, none=0)
[11:12:46]   standard  cycle_residual_abs_median                     0.5180525463629131 +- 0.0 (n=1, none=0)
[11:12:46]   standard  cycle_residual_abs_q95                        1.6728516025507787 +- 0.0 (n=1, none=0)
[11:12:46]   standard  cycle_residual_abs_max                        1.7175148178849189 +- 0.0 (n=1, none=0)
[11:12:46]   standard  cycle_constraints_below_tolerance             0.10526315789473684 +- 0.0 (n=1, none=0)
[11:12:46]   standard  candidate_units_certified_flat                0.0 +- 0.0 (n=1, none=0)
[11:12:46]   standard  omega_within_groups_sd_final                  0.09449941995018796 +- 0.0 (n=1, none=0)
[11:12:46]   standard  omega_within_clusters_sd_final                0.026697215295638992 +- 0.0 (n=1, none=0)
[11:12:46]   standard  omega_cluster_means_sd_within_groups_final    0.004315279803436933 +- 0.0 (n=1, none=0)
[11:12:46]   standard  transporter_drift_rate_within                 0.0 +- 0.0 (n=1, none=0)
[11:12:46]   standard  cluster_purity                                1.0 +- 0.0 (n=1, none=0)
[11:12:46]   standard  clusters_per_group_mean                       0.75 +- 0.0 (n=1, none=0)
[11:12:46]   standard  delay_shock/R_raw_after                       0.4804821367650929 +- 0.0 (n=1, none=0)
[11:12:46]   standard  delay_shock/R_cov_after                       0.6111856167766161 +- 0.0 (n=1, none=0)
[11:12:46]   standard  delay_shock/R_raw_min_during                  0.36506766758035797 +- 0.0 (n=1, none=0)
[11:12:46]   standard  delay_shock/recovery_time_raw_0.9             0.0 +- 0.0 (n=1, none=0)
[11:12:46]   standard  delay_shock/J_within_groups_after_over_J0     0.395643251233102 +- 0.0 (n=1, none=0)
[11:12:46]   standard  delay_shock/ARI_after_vs_before               0.6580658268996343 +- 0.0 (n=1, none=0)
[11:12:46]   standard  delay_shock/frac_clusters_collapsed           0.6666666666666666 +- 0.0 (n=1, none=0)
[11:12:46]   standard  delay_shock/R_cov_min_during                  0.3496476491950476 +- 0.0 (n=1, none=0)
[11:12:46]   standard  delay_shock/recovery_time_cov_0.9             None +- 0.0 (n=0, none=1)
[11:12:46]   standard  delay_shock/frac_clusters_collapsed_cov       0.3333333333333333 +- 0.0 (n=1, none=0)
[11:12:46]   standard  delay_shock/ARI_after_vs_groups               0.6030989272943981 +- 0.0 (n=1, none=0)
[11:12:46]   standard  delay_shock/purity_after                      1.0 +- 0.0 (n=1, none=0)
[11:12:46]   standard  delay_shock/largest_component_fraction_after  0.6968253968253969 +- 0.0 (n=1, none=0)
[11:12:46]   standard  delay_shock/R_cov_lcc_after                   0.8697151287492385 +- 0.0 (n=1, none=0)
[11:12:46]   standard  delay_shock/exact_compensator_max_deviation   5.551115123125783e-16 +- 0.0 (n=1, none=0)
[11:12:46]   standard  delay_shock/frozen_R_cov_after                None +- 0.0 (n=0, none=1)
[11:12:46]   standard  delay_shock/frozen_ARI_after_vs_before        None +- 0.0 (n=0, none=1)
[11:12:46]   standard  removal/R_raw_after_survivors                 0.20468249562653393 +- 0.0 (n=1, none=0)
[11:12:46]   standard  removal/R_cov_after_survivors                 0.843086689414669 +- 0.0 (n=1, none=0)
[11:12:46]   standard  removal/frac_clusters_collapsed               1.0 +- 0.0 (n=1, none=0)
[11:12:46]   standard  removal/frac_clusters_collapsed_cov           0.0 +- 0.0 (n=1, none=0)
[11:12:46]   standard  removal/largest_component_fraction_after      0.8777777777777778 +- 0.0 (n=1, none=0)
[11:12:46]   standard  frequency_step/R_raw_min_during               0.28034123607995987 +- 0.0 (n=1, none=0)
[11:12:46]   standard  frequency_step/R_raw_end_over_before          0.8584794107829232 +- 0.0 (n=1, none=0)
[11:12:46]   standard  frequency_step/relock_time_raw_0.9            14.0 +- 0.0 (n=1, none=0)
[11:12:46]   standard  frequency_step/omega_shifted_final_minus_group_mean 0.34514044702240243 +- 0.0 (n=1, none=0)
[11:12:46] CONTROLS: gauge-covariance + non-vacuity: PASS
[11:12:46] DONE
7777778 +- 0.0 (n=1, none=0)
[11:12:46]   standard  frequency_step/R_raw_min_during               0.28034123607995987 +- 0.0 (n=1, none=0)
[11:12:46]   standard  frequency_step/R_raw_end_over_before          0.8584794107829232 +- 0.0 (n=1, none=0)
[11:12:46]   standard  frequency_step/relock_time_raw_0.9            14.0 +- 0.0 (n=1, none=0)
[11:12:46]   standard  frequency_step/omega_shifted_final_minus_group_mean 0.34514044702240243 +- 0.0 (n=1, none=0)
[11:12:46] CONTROLS: gauge-covariance + non-vacuity: PASS
[11:12:46] DONE
