[11:11:48] params {"schema_version": 2, "N": 250, "k": 12, "G": 4, "dOmega": 2.0, "sigma_omega": 0.05, "mu": 1.0, "J0": 0.3, "eta_theta": 0.05, "eta_J": 0.005, "eta_omega": 0.01, "D": 0.005, "dt": 0.05, "T1": 400.0, "T2": 200.0, "rec_every": 2.0, "thr_frac": 0.5, "min_size": 5, "delta_max": 3.141592653589793, "remove_frac": 0.2, "freq_step": 0.5, "models": ["gauge", "standard"], "seeds": [0], "theta_rule": "normalised", "flat_tolerance": 0.01, "code_sha256": "47092474483a132ff85f66cf3bdc96dabd810b42c6cb8870417bc7d0d830d256"}
[11:11:51]   seed 0 gauge     phase A done (3 s)
[11:11:54]   seed 0 standard  phase A done (6 s)
[11:11:54]   seed 0 gauge    : clusters=14 composite=0.65 purity=0.9325153374233128 ARI=0.353 Rraw=0.294 Rcov*coverage=0.929 cycle_q95=0.010285455644206996 cycle_max=0.03334580934990505
[11:11:54]   seed 0 standard : clusters=7 composite=0.16 purity=1.0 ARI=0.324 Rraw=0.318 Rcov*coverage=0.915 cycle_q95=1.5683906935538183 cycle_max=1.7774279291824298
[11:12:01]   seed 0 gauge     tests: shock R_raw 0.294->0.316 (cov 0.980) rec=10.0; removal R 0.304; relock=12.0
[11:12:06]   seed 0 standard  tests: shock R_raw 0.318->0.368 (cov 0.614) rec=8.0; removal R 0.277; relock=12.0
[11:12:06] seed 0 done, elapsed 18 s, ETA 0 s
[11:12:06] AGGREGATE (mean, sd over seeds):
[11:12:06]   gauge     n_clusters                                    14.0 +- 0.0 (n=1, none=0)
[11:12:06]   gauge     frac_composite                                0.652 +- 0.0 (n=1, none=0)
[11:12:06]   gauge     ARI_vs_groups                                 0.3526279662559431 +- 0.0 (n=1, none=0)
[11:12:06]   gauge     R_raw_mean                                    0.2935332609957385 +- 0.0 (n=1, none=0)
[11:12:06]   gauge     R_cov_mean                                    0.9289843828111296 +- 0.0 (n=1, none=0)
[11:12:06]   gauge     R_cov_lcc_mean                                0.9289843828111296 +- 0.0 (n=1, none=0)
[11:12:06]   gauge     largest_component_fraction_mean               1.0 +- 0.0 (n=1, none=0)
[11:12:06]   gauge     n_components_mean                             1.0 +- 0.0 (n=1, none=0)
[11:12:06]   gauge     J_within_groups_over_J0                       0.7672004352865327 +- 0.0 (n=1, none=0)
[11:12:06]   gauge     J_between_groups_over_J0                      0.18445072033479848 +- 0.0 (n=1, none=0)
[11:12:06]   gauge     holonomy_abs_mean_within                      0.007182287898294717 +- 0.0 (n=1, none=0)
[11:12:06]   gauge     holonomy_abs_mean_between                     1.5199107152353442 +- 0.0 (n=1, none=0)
[11:12:06]   gauge     holonomy_abs_median_within                    0.0003006311698685593 +- 0.0 (n=1, none=0)
[11:12:06]   gauge     holonomy_abs_median_between                   1.4912823868889036 +- 0.0 (n=1, none=0)
[11:12:06]   gauge     reversibility_defect_abs_mean                 0.5428865636256259 +- 0.0 (n=1, none=0)
[11:12:06]   gauge     reversibility_defect_abs_mean_within          0.00019675070488959294 +- 0.0 (n=1, none=0)
[11:12:06]   gauge     reversibility_defect_abs_mean_between         0.7735825810457312 +- 0.0 (n=1, none=0)
[11:12:06]   gauge     cycle_residual_abs_mean                       0.0011149441232957355 +- 0.0 (n=1, none=0)
[11:12:06]   gauge     cycle_residual_abs_median                     4.973658818130389e-09 +- 0.0 (n=1, none=0)
[11:12:06]   gauge     cycle_residual_abs_q95                        0.010285455644206996 +- 0.0 (n=1, none=0)
[11:12:06]   gauge     cycle_residual_abs_max                        0.03334580934990505 +- 0.0 (n=1, none=0)
[11:12:06]   gauge     cycle_constraints_below_tolerance             0.9454191033138402 +- 0.0 (n=1, none=0)
[11:12:06]   gauge     candidate_units_certified_flat                0.5521472392638037 +- 0.0 (n=1, none=0)
[11:12:06]   gauge     omega_within_groups_sd_final                  0.3184650103921163 +- 0.0 (n=1, none=0)
[11:12:06]   gauge     omega_within_clusters_sd_final                0.0698938102917584 +- 0.0 (n=1, none=0)
[11:12:06]   gauge     omega_cluster_means_sd_within_groups_final    0.4611758366367832 +- 0.0 (n=1, none=0)
[11:12:06]   gauge     transporter_drift_rate_within                 0.013870254416058657 +- 0.0 (n=1, none=0)
[11:12:06]   gauge     cluster_purity                                0.9325153374233128 +- 0.0 (n=1, none=0)
[11:12:06]   gauge     clusters_per_group_mean                       3.5 +- 0.0 (n=1, none=0)
[11:12:06]   gauge     delay_shock/R_raw_after                       0.3161881474722398 +- 0.0 (n=1, none=0)
[11:12:06]   gauge     delay_shock/R_cov_after                       0.9800598277734877 +- 0.0 (n=1, none=0)
[11:12:06]   gauge     delay_shock/R_raw_min_during                  0.23337426211595313 +- 0.0 (n=1, none=0)
[11:12:06]   gauge     delay_shock/recovery_time_raw_0.9             10.0 +- 0.0 (n=1, none=0)
[11:12:06]   gauge     delay_shock/J_within_groups_after_over_J0     0.8477614308276568 +- 0.0 (n=1, none=0)
[11:12:06]   gauge     delay_shock/ARI_after_vs_before               1.0 +- 0.0 (n=1, none=0)
[11:12:06]   gauge     delay_shock/frac_clusters_collapsed           0.8571428571428571 +- 0.0 (n=1, none=0)
[11:12:06]   gauge     delay_shock/R_cov_min_during                  0.2921892340042781 +- 0.0 (n=1, none=0)
[11:12:06]   gauge     delay_shock/recovery_time_cov_0.9             30.0 +- 0.0 (n=1, none=0)
[11:12:06]   gauge     delay_shock/frac_clusters_collapsed_cov       0.0 +- 0.0 (n=1, none=0)
[11:12:06]   gauge     delay_shock/ARI_after_vs_groups               0.3367012139787298 +- 0.0 (n=1, none=0)
[11:12:06]   gauge     delay_shock/purity_after                      0.9349112426035503 +- 0.0 (n=1, none=0)
[11:12:06]   gauge     delay_shock/largest_component_fraction_after  1.0 +- 0.0 (n=1, none=0)
[11:12:06]   gauge     delay_shock/R_cov_lcc_after                   0.9800598277734877 +- 0.0 (n=1, none=0)
[11:12:06]   gauge     delay_shock/exact_compensator_max_deviation   3.602669438238049e-15 +- 0.0 (n=1, none=0)
[11:12:06]   gauge     delay_shock/frozen_R_cov_after                0.44508794208475083 +- 0.0 (n=1, none=0)
[11:12:06]   gauge     delay_shock/frozen_ARI_after_vs_before        0.22065112974603032 +- 0.0 (n=1, none=0)
[11:12:06]   gauge     removal/R_raw_after_survivors                 0.30361445560014516 +- 0.0 (n=1, none=0)
[11:12:06]   gauge     removal/R_cov_after_survivors                 0.9038272784344139 +- 0.0 (n=1, none=0)
[11:12:06]   gauge     removal/frac_clusters_collapsed               0.7857142857142857 +- 0.0 (n=1, none=0)
[11:12:06]   gauge     removal/frac_clusters_collapsed_cov           0.0 +- 0.0 (n=1, none=0)
[11:12:06]   gauge     removal/largest_component_fraction_after      0.9140151515151516 +- 0.0 (n=1, none=0)
[11:12:06]   gauge     frequency_step/R_raw_min_during               0.10711776563440016 +- 0.0 (n=1, none=0)
[11:12:06]   gauge     frequency_step/R_raw_end_over_before          1.4201204257687248 +- 0.0 (n=1, none=0)
[11:12:06]   gauge     frequency_step/relock_time_raw_0.9            12.0 +- 0.0 (n=1, none=0)
[11:12:06]   gauge     frequency_step/omega_shifted_final_minus_group_mean 0.24690635825412377 +- 0.0 (n=1, none=0)
[11:12:06]   standard  n_clusters                                    7.0 +- 0.0 (n=1, none=0)
[11:12:06]   standard  frac_composite                                0.16 +- 0.0 (n=1, none=0)
[11:12:06]   standard  ARI_vs_groups                                 0.3244870651204282 +- 0.0 (n=1, none=0)
[11:12:06]   standard  R_raw_mean                                    0.3177818897264408 +- 0.0 (n=1, none=0)
[11:12:06]   standard  R_cov_mean                                    0.9150199631643101 +- 0.0 (n=1, none=0)
[11:12:06]   standard  R_cov_lcc_mean                                0.9150199631643101 +- 0.0 (n=1, none=0)
[11:12:06]   standard  largest_component_fraction_mean               1.0 +- 0.0 (n=1, none=0)
[11:12:06]   standard  n_components_mean                             1.0 +- 0.0 (n=1, none=0)
[11:12:06]   standard  J_within_groups_over_J0                       0.38290554196050003 +- 0.0 (n=1, none=0)
[11:12:06]   standard  J_between_groups_over_J0                      0.14123217968518706 +- 0.0 (n=1, none=0)
[11:12:06]   standard  holonomy_abs_mean_within                      1.6275653031989579 +- 0.0 (n=1, none=0)
[11:12:06]   standard  holonomy_abs_mean_between                     1.5877109390579849 +- 0.0 (n=1, none=0)
[11:12:06]   standard  holonomy_abs_median_within                    1.7822691874006797 +- 0.0 (n=1, none=0)
[11:12:06]   standard  holonomy_abs_median_between                   1.6040028163266529 +- 0.0 (n=1, none=0)
[11:12:06]   standard  reversibility_defect_abs_mean                 1.5713888825782207 +- 0.0 (n=1, none=0)
[11:12:06]   standard  reversibility_defect_abs_mean_within          1.4854525071837819 +- 0.0 (n=1, none=0)
[11:12:06]   standard  reversibility_defect_abs_mean_between         1.4654402900010515 +- 0.0 (n=1, none=0)
[11:12:06]   standard  cycle_residual_abs_mean                       0.7200078336883812 +- 0.0 (n=1, none=0)
[11:12:06]   standard  cycle_residual_abs_median                     0.7206905309111269 +- 0.0 (n=1, none=0)
[11:12:06]   standard  cycle_residual_abs_q95                        1.5683906935538183 +- 0.0 (n=1, none=0)
[11:12:06]   standard  cycle_residual_abs_max                        1.7774279291824298 +- 0.0 (n=1, none=0)
[11:12:06]   standard  cycle_constraints_below_tolerance             0.05128205128205128 +- 0.0 (n=1, none=0)
[11:12:06]   standard  candidate_units_certified_flat                0.0 +- 0.0 (n=1, none=0)
[11:12:06]   standard  omega_within_groups_sd_final                  0.20030891469397447 +- 0.0 (n=1, none=0)
[11:12:06]   standard  omega_within_clusters_sd_final                0.023273901680642934 +- 0.0 (n=1, none=0)
[11:12:06]   standard  omega_cluster_means_sd_within_groups_final    0.06418349768711379 +- 0.0 (n=1, none=0)
[11:12:06]   standard  transporter_drift_rate_within                 0.0 +- 0.0 (n=1, none=0)
[11:12:06]   standard  cluster_purity                                1.0 +- 0.0 (n=1, none=0)
[11:12:06]   standard  clusters_per_group_mean                       1.75 +- 0.0 (n=1, none=0)
[11:12:06]   standard  delay_shock/R_raw_after                       0.36800932119604285 +- 0.0 (n=1, none=0)
[11:12:06]   standard  delay_shock/R_cov_after                       0.6135527304081627 +- 0.0 (n=1, none=0)
[11:12:06]   standard  delay_shock/R_raw_min_during                  0.29039153491587105 +- 0.0 (n=1, none=0)
[11:12:06]   standard  delay_shock/recovery_time_raw_0.9             8.0 +- 0.0 (n=1, none=0)
[11:12:06]   standard  delay_shock/J_within_groups_after_over_J0     0.3674434823495081 +- 0.0 (n=1, none=0)
[11:12:06]   standard  delay_shock/ARI_after_vs_before               0.31649515715027954 +- 0.0 (n=1, none=0)
[11:12:06]   standard  delay_shock/frac_clusters_collapsed           0.8571428571428571 +- 0.0 (n=1, none=0)
[11:12:06]   standard  delay_shock/R_cov_min_during                  0.3764539621492367 +- 0.0 (n=1, none=0)
[11:12:06]   standard  delay_shock/recovery_time_cov_0.9             None +- 0.0 (n=0, none=1)
[11:12:06]   standard  delay_shock/frac_clusters_collapsed_cov       0.5714285714285714 +- 0.0 (n=1, none=0)
[11:12:06]   standard  delay_shock/ARI_after_vs_groups               0.7302904564315352 +- 0.0 (n=1, none=0)
[11:12:06]   standard  delay_shock/purity_after                      1.0 +- 0.0 (n=1, none=0)
[11:12:06]   standard  delay_shock/largest_component_fraction_after  0.727891156462585 +- 0.0 (n=1, none=0)
[11:12:06]   standard  delay_shock/R_cov_lcc_after                   0.8073742482652013 +- 0.0 (n=1, none=0)
[11:12:06]   standard  delay_shock/exact_compensator_max_deviation   5.551115123125783e-16 +- 0.0 (n=1, none=0)
[11:12:06]   standard  delay_shock/frozen_R_cov_after                None +- 0.0 (n=0, none=1)
[11:12:06]   standard  delay_shock/frozen_ARI_after_vs_before        None +- 0.0 (n=0, none=1)
[11:12:06]   standard  removal/R_raw_after_survivors                 0.27738925329928976 +- 0.0 (n=1, none=0)
[11:12:06]   standard  removal/R_cov_after_survivors                 0.9001215528475032 +- 0.0 (n=1, none=0)
[11:12:06]   standard  removal/frac_clusters_collapsed               0.8571428571428571 +- 0.0 (n=1, none=0)
[11:12:06]   standard  removal/frac_clusters_collapsed_cov           0.0 +- 0.0 (n=1, none=0)
[11:12:06]   standard  removal/largest_component_fraction_after      0.9761904761904763 +- 0.0 (n=1, none=0)
[11:12:06]   standard  frequency_step/R_raw_min_during               0.27569744622910464 +- 0.0 (n=1, none=0)
[11:12:06]   standard  frequency_step/R_raw_end_over_before          0.9520041414594734 +- 0.0 (n=1, none=0)
[11:12:06]   standard  frequency_step/relock_time_raw_0.9            12.0 +- 0.0 (n=1, none=0)
[11:12:06]   standard  frequency_step/omega_shifted_final_minus_group_mean 0.1695883810408989 +- 0.0 (n=1, none=0)
[11:12:06] CONTROLS: gauge-covariance + non-vacuity: PASS
[11:12:06] DONE
904763 +- 0.0 (n=1, none=0)
[11:12:06]   standard  frequency_step/R_raw_min_during               0.27569744622910464 +- 0.0 (n=1, none=0)
[11:12:06]   standard  frequency_step/R_raw_end_over_before          0.9520041414594734 +- 0.0 (n=1, none=0)
[11:12:06]   standard  frequency_step/relock_time_raw_0.9            12.0 +- 0.0 (n=1, none=0)
[11:12:06]   standard  frequency_step/omega_shifted_final_minus_group_mean 0.1695883810408989 +- 0.0 (n=1, none=0)
[11:12:06] CONTROLS: gauge-covariance + non-vacuity: PASS
[11:12:06] DONE
