[11:51:24] params {"schema_version": 2, "N": 1000, "k": 12, "G": 4, "dOmega": 2.0, "sigma_omega": 0.05, "mu": 1.0, "J0": 0.3, "eta_theta": 0.05, "eta_J": 0.005, "eta_omega": 0.005, "D": 0.005, "dt": 0.05, "T1": 800.0, "T2": 400.0, "rec_every": 2.0, "thr_frac": 0.5, "min_size": 5, "delta_max": 1.5707963267948966, "remove_frac": 0.2, "freq_step": 0.5, "models": ["gauge", "standard", "quenched"], "seeds": [0, 1, 2, 3, 4], "theta_rule": "normalised", "flat_tolerance": 0.01, "code_sha256": "47092474483a132ff85f66cf3bdc96dabd810b42c6cb8870417bc7d0d830d256"}
[11:52:19]   seed 0 gauge     phase A done (54 s)
[11:52:59]   seed 0 standard  phase A done (95 s)
[11:53:33]   seed 0 quenched  phase A done (129 s)
[11:53:33]   seed 0 gauge    : clusters=61 composite=0.71 purity=0.9603960396039604 ARI=0.128 Rraw=0.366 Rcov*coverage=0.977 cycle_q95=0.00017870810146496384 cycle_max=0.010610673097833256
[11:53:34]   seed 0 standard : clusters=56 composite=0.40 purity=0.9974747474747475 ARI=0.100 Rraw=0.798 Rcov*coverage=0.837 cycle_q95=1.7432755489649006 cycle_max=2.837130403350522
[11:53:34]   seed 0 quenched : clusters=28 composite=0.21 purity=1.0 ARI=0.180 Rraw=0.354 Rcov*coverage=0.810 cycle_q95=1.6306181503125274 cycle_max=3.0935859862418607
[11:55:41]   seed 0 gauge     tests: shock R_raw 0.366->0.332 (cov 0.987) rec=204.0; removal R 0.357; relock=12.0
[11:59:54]   seed 0 standard  tests: shock R_raw 0.798->0.662 (cov 0.664) rec=None; removal R 0.769; relock=170.0
[12:04:14]   seed 0 quenched  tests: shock R_raw 0.354->0.347 (cov 0.548) rec=252.0; removal R 0.349; relock=16.0
[12:04:14] seed 0 done, elapsed 770 s, ETA 3079 s
[12:06:52]   seed 1 gauge     phase A done (157 s)
[12:09:17]   seed 1 standard  phase A done (302 s)
[12:12:03]   seed 1 quenched  phase A done (468 s)
[12:12:05]   seed 1 gauge    : clusters=60 composite=0.72 purity=0.9488243430152143 ARI=0.109 Rraw=0.287 Rcov*coverage=0.982 cycle_q95=0.0003269466801135929 cycle_max=0.004574497639350916
[12:12:06]   seed 1 standard : clusters=54 composite=0.40 purity=0.9974683544303797 ARI=0.107 Rraw=0.773 Rcov*coverage=0.805 cycle_q95=1.7118616763839003 cycle_max=3.1318962217804565
[12:12:06]   seed 1 quenched : clusters=33 composite=0.22 purity=1.0 ARI=0.136 Rraw=0.324 Rcov*coverage=0.820 cycle_q95=1.684591623103119 cycle_max=2.9696669362328967
[12:17:25]   seed 1 gauge     tests: shock R_raw 0.287->0.255 (cov 0.990) rec=6.0; removal R 0.304; relock=20.0
[12:19:07]   seed 1 standard  tests: shock R_raw 0.773->0.708 (cov 0.671) rec=348.0; removal R 0.764; relock=12.0
[12:20:35]   seed 1 quenched  tests: shock R_raw 0.324->0.337 (cov 0.606) rec=128.0; removal R 0.380; relock=24.0
[12:20:35] seed 1 done, elapsed 1751 s, ETA 2626 s
[12:21:27]   seed 2 gauge     phase A done (52 s)
[12:23:06]   seed 2 standard  phase A done (151 s)
[12:24:33]   seed 2 quenched  phase A done (238 s)
[12:24:34]   seed 2 gauge    : clusters=62 composite=0.75 purity=0.9587765957446809 ARI=0.104 Rraw=0.287 Rcov*coverage=0.976 cycle_q95=0.00021489618546699507 cycle_max=0.004373791799856974
[12:24:35]   seed 2 standard : clusters=54 composite=0.37 purity=1.0 ARI=0.103 Rraw=0.755 Rcov*coverage=0.794 cycle_q95=1.8220815031800535 cycle_max=2.938808684708971
[12:24:35]   seed 2 quenched : clusters=30 composite=0.19 purity=1.0 ARI=0.149 Rraw=0.435 Rcov*coverage=0.825 cycle_q95=1.7225062563021878 cycle_max=2.7443772780235864
[12:28:49]   seed 2 gauge     tests: shock R_raw 0.287->0.283 (cov 0.989) rec=362.0; removal R 0.344; relock=12.0
[12:31:33]   seed 2 standard  tests: shock R_raw 0.755->0.691 (cov 0.673) rec=226.0; removal R 0.744; relock=124.0
[12:34:10]   seed 2 quenched  tests: shock R_raw 0.435->0.330 (cov 0.576) rec=None; removal R 0.479; relock=22.0
[12:34:10] seed 2 done, elapsed 2566 s, ETA 1710 s
[12:35:25]   seed 3 gauge     phase A done (74 s)
[12:36:45]   seed 3 standard  phase A done (154 s)
[12:38:19]   seed 3 quenched  phase A done (248 s)
[12:38:20]   seed 3 gauge    : clusters=56 composite=0.74 purity=0.9513513513513514 ARI=0.163 Rraw=0.304 Rcov*coverage=0.989 cycle_q95=0.0002121300230374598 cycle_max=0.004411636217415804
[12:38:21]   seed 3 standard : clusters=60 composite=0.42 purity=1.0 ARI=0.098 Rraw=0.764 Rcov*coverage=0.815 cycle_q95=1.6620672597374955 cycle_max=2.7873878201412445
[12:38:21]   seed 3 quenched : clusters=29 composite=0.20 purity=1.0 ARI=0.150 Rraw=0.344 Rcov*coverage=0.803 cycle_q95=1.6559298662855175 cycle_max=2.231251269887654
[12:42:16]   seed 3 gauge     tests: shock R_raw 0.304->0.307 (cov 0.993) rec=398.0; removal R 0.351; relock=12.0
[12:45:05]   seed 3 standard  tests: shock R_raw 0.764->0.701 (cov 0.672) rec=358.0; removal R 0.706; relock=14.0
[12:47:37]   seed 3 quenched  tests: shock R_raw 0.344->0.403 (cov 0.520) rec=0.0; removal R 0.377; relock=26.0
[12:47:37] seed 3 done, elapsed 3372 s, ETA 843 s
[12:49:04]   seed 4 gauge     phase A done (87 s)
[12:50:22]   seed 4 standard  phase A done (165 s)
[12:51:22]   seed 4 quenched  phase A done (225 s)
[12:51:23]   seed 4 gauge    : clusters=63 composite=0.76 purity=0.9484808454425363 ARI=0.116 Rraw=0.311 Rcov*coverage=0.982 cycle_q95=0.0002521854918912765 cycle_max=0.006141893418099897
[12:51:23]   seed 4 standard : clusters=65 composite=0.46 purity=0.9978213507625272 ARI=0.090 Rraw=0.739 Rcov*coverage=0.820 cycle_q95=1.7392179256318905 cycle_max=2.712136003668884
[12:51:23]   seed 4 quenched : clusters=30 composite=0.20 purity=1.0 ARI=0.161 Rraw=0.369 Rcov*coverage=0.767 cycle_q95=1.7590658636685779 cycle_max=3.0187885181415552
[12:54:09]   seed 4 gauge     tests: shock R_raw 0.311->0.358 (cov 0.989) rec=0.0; removal R 0.356; relock=12.0
[12:57:17]   seed 4 standard  tests: shock R_raw 0.739->0.663 (cov 0.665) rec=334.0; removal R 0.697; relock=16.0
[12:59:38]   seed 4 quenched  tests: shock R_raw 0.369->0.414 (cov 0.561) rec=150.0; removal R 0.511; relock=12.0
[12:59:38] seed 4 done, elapsed 4094 s, ETA 0 s
[12:59:39] AGGREGATE (mean, sd over seeds):
[12:59:39]   gauge     n_clusters                                    60.4 +- 2.701851217221259 (n=5, none=0)
[12:59:39]   gauge     frac_composite                                0.7358 +- 0.020753312988532717 (n=5, none=0)
[12:59:39]   gauge     ARI_vs_groups                                 0.1238220501940878 +- 0.02351757171565021 (n=5, none=0)
[12:59:39]   gauge     R_raw_mean                                    0.3112588627263562 +- 0.03265118695883814 (n=5, none=0)
[12:59:39]   gauge     R_cov_mean                                    0.9812783242258025 +- 0.005096746698079375 (n=5, none=0)
[12:59:39]   gauge     R_cov_lcc_mean                                0.9812783242258025 +- 0.005096746698079375 (n=5, none=0)
[12:59:39]   gauge     largest_component_fraction_mean               1.0 +- 0.0 (n=5, none=0)
[12:59:39]   gauge     n_components_mean                             1.0 +- 0.0 (n=5, none=0)
[12:59:39]   gauge     J_within_groups_over_J0                       0.9108578156845988 +- 0.005642834073135816 (n=5, none=0)
[12:59:39]   gauge     J_between_groups_over_J0                      0.06539776756012336 +- 0.009003430761424737 (n=5, none=0)
[12:59:39]   gauge     holonomy_abs_mean_within                      9.689432123317687e-05 +- 3.972058817218873e-05 (n=5, none=0)
[12:59:39]   gauge     holonomy_abs_mean_between                     1.533889233549466 +- 0.010180554690185542 (n=5, none=0)
[12:59:39]   gauge     holonomy_abs_median_within                    2.564735656216399e-05 +- 5.060966332259831e-06 (n=5, none=0)
[12:59:39]   gauge     holonomy_abs_median_between                   1.5181110914066063 +- 0.014938436115713126 (n=5, none=0)
[12:59:39]   gauge     reversibility_defect_abs_mean                 0.38919988061956046 +- 0.006678911048412997 (n=5, none=0)
[12:59:39]   gauge     reversibility_defect_abs_mean_within          4.2399660930303256e-11 +- 9.18588424732614e-11 (n=5, none=0)
[12:59:39]   gauge     reversibility_defect_abs_mean_between         0.5464892648457272 +- 0.01868716561999416 (n=5, none=0)
[12:59:39]   gauge     cycle_residual_abs_mean                       6.506714563918393e-05 +- 1.597253131145492e-05 (n=5, none=0)
[12:59:39]   gauge     cycle_residual_abs_median                     8.881784197001252e-16 +- 0.0 (n=5, none=0)
[12:59:39]   gauge     cycle_residual_abs_q95                        0.00023697329639485763 +- 5.6626055548373894e-05 (n=5, none=0)
[12:59:39]   gauge     cycle_residual_abs_max                        0.00602249843451137 +- 0.002668118197141001 (n=5, none=0)
[12:59:39]   gauge     cycle_constraints_below_tolerance             0.9998952879581152 +- 0.00023414324371727309 (n=5, none=0)
[12:59:39]   gauge     candidate_units_certified_flat                0.9841584158415841 +- 0.035422859049501605 (n=5, none=0)
[12:59:39]   gauge     omega_within_groups_sd_final                  0.28405756320115555 +- 0.022061890452357295 (n=5, none=0)
[12:59:39]   gauge     omega_within_clusters_sd_final                0.026095242115618773 +- 0.0012818842229930403 (n=5, none=0)
[12:59:39]   gauge     omega_cluster_means_sd_within_groups_final    0.42565606829261926 +- 0.06332269607251814 (n=5, none=0)
[12:59:39]   gauge     transporter_drift_rate_within                 0.0046139197469925956 +- 0.00018034398899865084 (n=5, none=0)
[12:59:39]   gauge     cluster_purity                                0.9535658350315487 +- 0.005635745854403435 (n=5, none=0)
[12:59:39]   gauge     clusters_per_group_mean                       15.1 +- 0.6754628043053148 (n=5, none=0)
[12:59:39]   gauge     delay_shock/R_raw_after                       0.30709590294272504 +- 0.04032475373774873 (n=5, none=0)
[12:59:39]   gauge     delay_shock/R_cov_after                       0.9894371119289618 +- 0.0021011327639080097 (n=5, none=0)
[12:59:39]   gauge     delay_shock/R_raw_min_during                  0.28869339678853256 +- 0.02873577049356815 (n=5, none=0)
[12:59:39]   gauge     delay_shock/recovery_time_raw_0.9             194.0 +- 189.02380802428036 (n=5, none=0)
[12:59:39]   gauge     delay_shock/J_within_groups_after_over_J0     0.9296288990484751 +- 0.005943039897934493 (n=5, none=0)
[12:59:39]   gauge     delay_shock/ARI_after_vs_before               0.989399464273831 +- 0.014516338806448682 (n=5, none=0)
[12:59:39]   gauge     delay_shock/frac_clusters_collapsed           0.8346623941309292 +- 0.07465302297148518 (n=5, none=0)
[12:59:39]   gauge     delay_shock/R_cov_min_during                  0.4535516447435303 +- 0.0229794481847939 (n=5, none=0)
[12:59:39]   gauge     delay_shock/recovery_time_cov_0.9             22.8 +- 1.7888543819998317 (n=5, none=0)
[12:59:39]   gauge     delay_shock/frac_clusters_collapsed_cov       0.0 +- 0.0 (n=5, none=0)
[12:59:39]   gauge     delay_shock/ARI_after_vs_groups               0.12617113187592052 +- 0.023286142598234475 (n=5, none=0)
[12:59:39]   gauge     delay_shock/purity_after                      0.9536696032976542 +- 0.00569533740755806 (n=5, none=0)
[12:59:39]   gauge     delay_shock/largest_component_fraction_after  1.0 +- 0.0 (n=5, none=0)
[12:59:39]   gauge     delay_shock/R_cov_lcc_after                   0.9894371119289618 +- 0.0021011327639080097 (n=5, none=0)
[12:59:39]   gauge     delay_shock/exact_compensator_max_deviation   7.176702162066405e-15 +- 3.130324502345874e-17 (n=5, none=0)
[12:59:39]   gauge     delay_shock/frozen_R_cov_after                0.4924970935742402 +- 0.01745933081259291 (n=5, none=0)
[12:59:39]   gauge     delay_shock/frozen_ARI_after_vs_before        0.06101085098946045 +- 0.014091003417109406 (n=5, none=0)
[12:59:39]   gauge     removal/R_raw_after_survivors                 0.3423797732752865 +- 0.021886775994011367 (n=5, none=0)
[12:59:39]   gauge     removal/R_cov_after_survivors                 0.8681444857963954 +- 0.033171252305152714 (n=5, none=0)
[12:59:39]   gauge     removal/frac_clusters_collapsed               0.7910764859442807 +- 0.017455351394812135 (n=5, none=0)
[12:59:39]   gauge     removal/frac_clusters_collapsed_cov           0.07207620894294611 +- 0.03332534199373803 (n=5, none=0)
[12:59:39]   gauge     removal/largest_component_fraction_after      0.8732418440355503 +- 0.03346198898500947 (n=5, none=0)
[12:59:39]   gauge     frequency_step/R_raw_min_during               0.21413964528093582 +- 0.020564723303328543 (n=5, none=0)
[12:59:39]   gauge     frequency_step/R_raw_end_over_before          1.055343295912033 +- 0.09321052884220105 (n=5, none=0)
[12:59:39]   gauge     frequency_step/relock_time_raw_0.9            13.6 +- 3.5777087639996643 (n=5, none=0)
[12:59:39]   gauge     frequency_step/omega_shifted_final_minus_group_mean 0.1601420176301369 +- 0.03992566364784463 (n=5, none=0)
[12:59:39]   standard  n_clusters                                    57.8 +- 4.711687595755898 (n=5, none=0)
[12:59:39]   standard  frac_composite                                0.40940000000000004 +- 0.03273071951546437 (n=5, none=0)
[12:59:39]   standard  ARI_vs_groups                                 0.09951936179071183 +- 0.006644263543509026 (n=5, none=0)
[12:59:39]   standard  R_raw_mean                                    0.765905262034389 +- 0.02183406825094665 (n=5, none=0)
[12:59:39]   standard  R_cov_mean                                    0.8140676480148443 +- 0.016084520966638552 (n=5, none=0)
[12:59:39]   standard  R_cov_lcc_mean                                0.8140676480148443 +- 0.016084520966638552 (n=5, none=0)
[12:59:39]   standard  largest_component_fraction_mean               1.0 +- 0.0 (n=5, none=0)
[12:59:39]   standard  n_components_mean                             1.0 +- 0.0 (n=5, none=0)
[12:59:39]   standard  J_within_groups_over_J0                       0.579696924503206 +- 0.010086384699061075 (n=5, none=0)
[12:59:39]   standard  J_between_groups_over_J0                      0.019380006727900995 +- 0.0006831339235745847 (n=5, none=0)
[12:59:39]   standard  holonomy_abs_mean_within                      1.227316896608714 +- 0.03712797521159284 (n=5, none=0)
[12:59:39]   standard  holonomy_abs_mean_between                     1.253508813418567 +- 0.0035583143503989233 (n=5, none=0)
[12:59:39]   standard  holonomy_abs_median_within                    1.0803933997507076 +- 0.05068277255687452 (n=5, none=0)
[12:59:39]   standard  holonomy_abs_median_between                   1.1204649099940351 +- 0.007689955866946607 (n=5, none=0)
[12:59:39]   standard  reversibility_defect_abs_mean                 1.0494165902870427 +- 0.011294480282135436 (n=5, none=0)
[12:59:39]   standard  reversibility_defect_abs_mean_within          0.9535824673520283 +- 0.026497147524544636 (n=5, none=0)
[12:59:39]   standard  reversibility_defect_abs_mean_between         1.0572112552196 +- 0.03457232895004174 (n=5, none=0)
[12:59:39]   standard  cycle_residual_abs_mean                       0.7591502673605257 +- 0.025523849759606924 (n=5, none=0)
[12:59:39]   standard  cycle_residual_abs_median                     0.6666268125654335 +- 0.03104948463060918 (n=5, none=0)
[12:59:39]   standard  cycle_residual_abs_q95                        1.7357007827796482 +- 0.0581411535464432 (n=5, none=0)
[12:59:39]   standard  cycle_residual_abs_max                        2.881471826730016 +- 0.16239802647675902 (n=5, none=0)
[12:59:39]   standard  cycle_constraints_below_tolerance             0.00821876731369827 +- 0.002640972769132012 (n=5, none=0)
[12:59:39]   standard  candidate_units_certified_flat                0.0 +- 0.0 (n=5, none=0)
[12:59:39]   standard  omega_within_groups_sd_final                  0.22218449064624363 +- 0.012980159023293284 (n=5, none=0)
[12:59:39]   standard  omega_within_clusters_sd_final                0.008918052437009102 +- 0.00028513787446056215 (n=5, none=0)
[12:59:39]   standard  omega_cluster_means_sd_within_groups_final    0.20333312199785153 +- 0.019628504982336942 (n=5, none=0)
[12:59:39]   standard  transporter_drift_rate_within                 0.0 +- 0.0 (n=5, none=0)
[12:59:39]   standard  cluster_purity                                0.9985528905335309 +- 0.001328722418969649 (n=5, none=0)
[12:59:39]   standard  clusters_per_group_mean                       14.45 +- 1.1779218989389746 (n=5, none=0)
[12:59:39]   standard  delay_shock/R_raw_after                       0.6850885529203584 +- 0.02137090641864398 (n=5, none=0)
[12:59:39]   standard  delay_shock/R_cov_after                       0.6689500156634517 +- 0.004419491126807112 (n=5, none=0)
[12:59:39]   standard  delay_shock/R_raw_min_during                  0.6496979637578605 +- 0.014892866295908386 (n=5, none=0)
[12:59:39]   standard  delay_shock/recovery_time_raw_0.9             316.5 +- 61.1310068623117 (n=4, none=1)
[12:59:39]   standard  delay_shock/J_within_groups_after_over_J0     0.5584128929032515 +- 0.012317576194332101 (n=5, none=0)
[12:59:39]   standard  delay_shock/ARI_after_vs_before               0.18909939257747174 +- 0.036933728650865014 (n=5, none=0)
[12:59:39]   standard  delay_shock/frac_clusters_collapsed           0.18504273504273505 +- 0.052630460203103045 (n=5, none=0)
[12:59:39]   standard  delay_shock/R_cov_min_during                  0.5834423480171751 +- 0.0195750358997056 (n=5, none=0)
[12:59:39]   standard  delay_shock/recovery_time_cov_0.9             None +- 0.0 (n=0, none=5)
[12:59:39]   standard  delay_shock/frac_clusters_collapsed_cov       0.23211029711029707 +- 0.06399606780537705 (n=5, none=0)
[12:59:39]   standard  delay_shock/ARI_after_vs_groups               0.1045477884464991 +- 0.0044451591922235675 (n=5, none=0)
[12:59:39]   standard  delay_shock/purity_after                      0.9982767400342958 +- 0.001574007614910662 (n=5, none=0)
[12:59:39]   standard  delay_shock/largest_component_fraction_after  0.8126121624965548 +- 0.01551952386883804 (n=5, none=0)
[12:59:39]   standard  delay_shock/R_cov_lcc_after                   0.8303765582963862 +- 0.016335830309482064 (n=5, none=0)
[12:59:39]   standard  delay_shock/exact_compensator_max_deviation   3.1401849173675503e-16 +- 0.0 (n=5, none=0)
[12:59:39]   standard  delay_shock/frozen_R_cov_after                None +- 0.0 (n=0, none=5)
[12:59:39]   standard  delay_shock/frozen_ARI_after_vs_before        None +- 0.0 (n=0, none=5)
[12:59:39]   standard  removal/R_raw_after_survivors                 0.7358177060088458 +- 0.0331632961195984 (n=5, none=0)
[12:59:39]   standard  removal/R_cov_after_survivors                 0.7526237030649379 +- 0.023244704250136333 (n=5, none=0)
[12:59:39]   standard  removal/frac_clusters_collapsed               0.14588115588115588 +- 0.056988330116299175 (n=5, none=0)
[12:59:39]   standard  removal/frac_clusters_collapsed_cov           0.12454212454212454 +- 0.06263292620226175 (n=5, none=0)
[12:59:39]   standard  removal/largest_component_fraction_after      0.8721175485302469 +- 0.03017069775065011 (n=5, none=0)
[12:59:39]   standard  frequency_step/R_raw_min_during               0.623380307040672 +- 0.03405824671272471 (n=5, none=0)
[12:59:39]   standard  frequency_step/R_raw_end_over_before          0.9117160573125901 +- 0.058625188296363095 (n=5, none=0)
[12:59:39]   standard  frequency_step/relock_time_raw_0.9            67.2 +- 74.65386795069631 (n=5, none=0)
[12:59:39]   standard  frequency_step/omega_shifted_final_minus_group_mean 0.2765843558426573 +- 0.03226979955866683 (n=5, none=0)
[12:59:39]   quenched  n_clusters                                    30.0 +- 1.8708286933869707 (n=5, none=0)
[12:59:39]   quenched  frac_composite                                0.20180000000000003 +- 0.011819475453673903 (n=5, none=0)
[12:59:39]   quenched  ARI_vs_groups                                 0.15491662890708593 +- 0.016447900483146306 (n=5, none=0)
[12:59:39]   quenched  R_raw_mean                                    0.3651079309678996 +- 0.04238828510338318 (n=5, none=0)
[12:59:39]   quenched  R_cov_mean                                    0.8051561464323699 +- 0.022753339614977053 (n=5, none=0)
[12:59:39]   quenched  R_cov_lcc_mean                                0.8051561464323699 +- 0.022753339614977053 (n=5, none=0)
[12:59:39]   quenched  largest_component_fraction_mean               1.0 +- 0.0 (n=5, none=0)
[12:59:39]   quenched  n_components_mean                             1.0 +- 0.0 (n=5, none=0)
[12:59:39]   quenched  J_within_groups_over_J0                       0.46060797887924954 +- 0.010136812738151962 (n=5, none=0)
[12:59:39]   quenched  J_between_groups_over_J0                      0.018889692939626765 +- 2.57400835606234e-05 (n=5, none=0)
[12:59:39]   quenched  holonomy_abs_mean_within                      1.540665748153851 +- 0.044152635129003644 (n=5, none=0)
[12:59:39]   quenched  holonomy_abs_mean_between                     1.5715692662470861 +- 0.004177923111742619 (n=5, none=0)
[12:59:39]   quenched  holonomy_abs_median_within                    1.4491951873501345 +- 0.09169970218887205 (n=5, none=0)
[12:59:39]   quenched  holonomy_abs_median_between                   1.573511030305709 +- 0.009327096273705293 (n=5, none=0)
[12:59:39]   quenched  reversibility_defect_abs_mean                 1.574848198942716 +- 0.015983014632437568 (n=5, none=0)
[12:59:39]   quenched  reversibility_defect_abs_mean_within          1.2724272496236315 +- 0.05782507984192672 (n=5, none=0)
[12:59:39]   quenched  reversibility_defect_abs_mean_between         1.6097162507841347 +- 0.08396848708617739 (n=5, none=0)
[12:59:39]   quenched  cycle_residual_abs_mean                       0.7802387290366853 +- 0.03100787641640605 (n=5, none=0)
[12:59:39]   quenched  cycle_residual_abs_median                     0.7301443918285833 +- 0.04033041501661676 (n=5, none=0)
[12:59:39]   quenched  cycle_residual_abs_q95                        1.6905423519343858 +- 0.05133592338522183 (n=5, none=0)
[12:59:39]   quenched  cycle_residual_abs_max                        2.811533997705511 +- 0.3495539500305924 (n=5, none=0)
[12:59:39]   quenched  cycle_constraints_below_tolerance             0.0062031038052691185 +- 0.00527527063372863 (n=5, none=0)
[12:59:39]   quenched  candidate_units_certified_flat                0.0 +- 0.0 (n=5, none=0)
[12:59:39]   quenched  omega_within_groups_sd_final                  0.2009226994101035 +- 0.005376040228792206 (n=5, none=0)
[12:59:39]   quenched  omega_within_clusters_sd_final                0.008584075750445685 +- 0.0006279614552104028 (n=5, none=0)
[12:59:39]   quenched  omega_cluster_means_sd_within_groups_final    0.15415720227633392 +- 0.034546845260061514 (n=5, none=0)
[12:59:39]   quenched  transporter_drift_rate_within                 0.0 +- 0.0 (n=5, none=0)
[12:59:39]   quenched  cluster_purity                                1.0 +- 0.0 (n=5, none=0)
[12:59:39]   quenched  clusters_per_group_mean                       7.5 +- 0.46770717334674267 (n=5, none=0)
[12:59:39]   quenched  delay_shock/R_raw_after                       0.36611831052254673 +- 0.03922505693380462 (n=5, none=0)
[12:59:39]   quenched  delay_shock/R_cov_after                       0.562432140642365 +- 0.03199036182837333 (n=5, none=0)
[12:59:39]   quenched  delay_shock/R_raw_min_during                  0.3158592854530968 +- 0.023326214070689303 (n=5, none=0)
[12:59:39]   quenched  delay_shock/recovery_time_raw_0.9             132.5 +- 103.54226190305097 (n=4, none=1)
[12:59:39]   quenched  delay_shock/J_within_groups_after_over_J0     0.4326827998917322 +- 0.001570392091255033 (n=5, none=0)
[12:59:39]   quenched  delay_shock/ARI_after_vs_before               0.10278342069732979 +- 0.014546915659652366 (n=5, none=0)
[12:59:39]   quenched  delay_shock/frac_clusters_collapsed           0.7524197641439022 +- 0.07265974131690485 (n=5, none=0)
[12:59:39]   quenched  delay_shock/R_cov_min_during                  0.46132905266776003 +- 0.025900752753986494 (n=5, none=0)
[12:59:39]   quenched  delay_shock/recovery_time_cov_0.9             None +- 0.0 (n=0, none=5)
[12:59:39]   quenched  delay_shock/frac_clusters_collapsed_cov       0.42234960441856984 +- 0.09843598079428978 (n=5, none=0)
[12:59:39]   quenched  delay_shock/ARI_after_vs_groups               0.17803898301858703 +- 0.027821804238313992 (n=5, none=0)
[12:59:39]   quenched  delay_shock/purity_after                      1.0 +- 0.0 (n=5, none=0)
[12:59:39]   quenched  delay_shock/largest_component_fraction_after  0.658894746787604 +- 0.028523555534281878 (n=5, none=0)
[12:59:39]   quenched  delay_shock/R_cov_lcc_after                   0.8648695747170487 +- 0.02156455743338727 (n=5, none=0)
[12:59:39]   quenched  delay_shock/exact_compensator_max_deviation   9.550499576785472e-16 +- 0.0 (n=5, none=0)
[12:59:39]   quenched  delay_shock/frozen_R_cov_after                None +- 0.0 (n=0, none=5)
[12:59:39]   quenched  delay_shock/frozen_ARI_after_vs_before        None +- 0.0 (n=0, none=5)
[12:59:39]   quenched  removal/R_raw_after_survivors                 0.4191154214227284 +- 0.07122873696519343 (n=5, none=0)
[12:59:39]   quenched  removal/R_cov_after_survivors                 0.7055087613297728 +- 0.019588953596867322 (n=5, none=0)
[12:59:39]   quenched  removal/frac_clusters_collapsed               0.6815778474399165 +- 0.11711994085097974 (n=5, none=0)
[12:59:39]   quenched  removal/frac_clusters_collapsed_cov           0.1870368711748022 +- 0.01978987444633527 (n=5, none=0)
[12:59:39]   quenched  removal/largest_component_fraction_after      0.8258323257202568 +- 0.022744338722647337 (n=5, none=0)
[12:59:39]   quenched  frequency_step/R_raw_min_during               0.2612298843540397 +- 0.054228435457879 (n=5, none=0)
[12:59:39]   quenched  frequency_step/R_raw_end_over_before          0.9621394272713764 +- 0.02140050925718652 (n=5, none=0)
[12:59:39]   quenched  frequency_step/relock_time_raw_0.9            20.0 +- 5.830951894845301 (n=5, none=0)
[12:59:39]   quenched  frequency_step/omega_shifted_final_minus_group_mean 0.32349927674868384 +- 0.06062420733493552 (n=5, none=0)
[12:59:39] CONTROLS: gauge-covariance + non-vacuity: PASS
[12:59:39] DONE
9:39]   quenched  frequency_step/R_raw_min_during               0.2612298843540397 +- 0.054228435457879 (n=5, none=0)
[12:59:39]   quenched  frequency_step/R_raw_end_over_before          0.9621394272713764 +- 0.02140050925718652 (n=5, none=0)
[12:59:39]   quenched  frequency_step/relock_time_raw_0.9            20.0 +- 5.830951894845301 (n=5, none=0)
[12:59:39]   quenched  frequency_step/omega_shifted_final_minus_group_mean 0.32349927674868384 +- 0.06062420733493552 (n=5, none=0)
[12:59:39] CONTROLS: gauge-covariance + non-vacuity: PASS
[12:59:39] DONE
